--------------------------------------------------------------------------------
JobId          : kiki-0-6a219c2a
Name           : phase_pharm_1
Program        : 
Host           : kiki.localdomain
Dir            : /mnt/c/Users/cjpav/Documents/codes/biomed/proyecto2-biomed/PDB/phase_pharm_1
HostEntry      : localhost
JobHost        : kiki.localdomain
JobDir         : /home/kiki/software/schrodinger/scratch/kiki/phase_pharm_1
JobSchrodinger : /home/kiki/software/schrondiger
Commandline    : /home/kiki/software/schrondiger/utilities/phase_hypothesis phase_pharm_1.inp -HOST localhost:1 -PROJ /home/kiki/software/schrodinger/scratch/kiki/Tmp_04Jun2026_1019_27821 -VIEWNAME phase.phase_gui_dir.phase_workflows.MultipleLigandsWorkflow -DISP append -TMPLAUNCHDIR
StartTime      : 2026-06-04-11:39:22
--------------------------------------------------------------------------------

Input Settings for phase_hypothesis:
--------------------------------------
APPEND_EXCLUDED_VOLUMES = False
FEATURE_DEFINITION_FILE = phase_pharm_1.def
FEATURE_FREQUENCY_A = [0, 3]
FEATURE_FREQUENCY_D = [0, 3]
FEATURE_FREQUENCY_H = [0, 3]
FEATURE_FREQUENCY_N = [0, 3]
FEATURE_FREQUENCY_P = [0, 3]
FEATURE_FREQUENCY_R = [0, 3]
FEATURE_FREQUENCY_X = [0, 3]
FEATURE_FREQUENCY_Y = [0, 3]
FEATURE_FREQUENCY_Z = [0, 3]
FEATURE_TOLERANCE_A = 2.0
FEATURE_TOLERANCE_D = 2.0
FEATURE_TOLERANCE_H = 2.0
FEATURE_TOLERANCE_N = 2.0
FEATURE_TOLERANCE_P = 2.0
FEATURE_TOLERANCE_R = 2.0
FEATURE_TOLERANCE_X = 2.0
FEATURE_TOLERANCE_Y = 2.0
FEATURE_TOLERANCE_Z = 2.0
GENERATE_CONFORMERS = True
HYPOTHESES_KEPT_PER_FEATURE_SIZE = 10
HYPOTHESIS_DIFFERENCE_CRITERIA = 0.5
INPUT_STRUCTURE_FILE = phase_pharm_1.maegz
LIGAND_PERCEPTION = stereo
MAX_NUMBER_CONFORMERS = 50
NUMBER_FEATURES_PER_HYPOTHESIS = [4, 5]
PREFERRED_MIN_SITES = 5
REQUIRED_MATCH_FRACTION = 0.5
SCORE_WEIGHT_BEDROC = 1.0
SCORE_WEIGHT_INACTIVE = 1.0
SCORE_WEIGHT_LOG_MATCH = 1.0
SCORE_WEIGHT_SELECTIVITY = 1.0
SCORE_WEIGHT_SITE = 1.0
SCORE_WEIGHT_SURVIVAL = 0.06
SCORE_WEIGHT_VECTOR = 1.0
SCORE_WEIGHT_VOLUME = 1.0
USE_CONFORMER_MINIMIZATION = True
USE_FAST_SCORING = False
USE_LIGAND_GROUPING = True
USE_PREALIGNED_LIGANDS = False
USE_STEREO = True
USE_TITLES = False
--------------------------------------

Starting up common pharmacophore workflow...
Jobname: phase_pharm_1

Generating conformational states for targets...
Saving up to 50 conformer per ligand
Minimizing generated conformers
[running at reduced cpu priority]
Conformers saved to phase_pharm_1-out.maegz

Creating Phase project: phase_pharm_1.phprj
Importing structure(s) into Phase project...
Creating new Phase project...
/home/kiki/software/schrondiger/internal/bin/phase_database
[running at reduced cpu priority]
Total ligands = 14
Assigning active/inactive labels...
Total actives = 14
Total inactives = 0
Applying ligand groupings...
Phase project ligand summary:
 ID  | TITLE        | CONFORMERS | PHARM_SET | GROUP | MUST MATCH
 1   | 6x48         | 33         | active    | 1     | 0
 2   | 6x48         | 27         | active    | 2     | 0
 3   | 5mri         | 38         | active    | 3     | 0
 4   | 5mri         | 35         | active    | 4     | 0
 5   | 6x4h         | 50         | active    | 5     | 0
 6   | 4msl         | 50         | active    | 6     | 0
 7   | 4msl         | 50         | active    | 7     | 0
 8   | 4msl         | 42         | active    | 8     | 0
 9   | 6x3l         | 23         | active    | 9     | 0
 10  | 6x3l         | 23         | active    | 10    | 0
 11  | 6x3l         | 39         | active    | 11    | 0
 12  | 5mrh         | 21         | active    | 12    | 0
 13  | 4n7e         | 39         | active    | 13    | 0
 14  | 4n7e         | 25         | active    | 14    | 0

Loading feature property files...
Adding pharmacophore sites...
/home/kiki/software/schrondiger/internal/bin/phase_database
[running at reduced cpu priority]
Phase project successfully created.

Launching find common pharmacophore hypothesis job...

Running subjobs on hosts:
  localhost (Max: 1)
Number of jobs:       1
Max retries per job:  0
Max allowed failures: 0
Run with -LOCAL:      False
Verbosity:            verbose

Starting JobDJ...

Keep one job on driver host: False
JobDJ columns:
  C: Number of completed subjobs
  A: Number of active subjobs (e.g., submitted, running)
  W: Number of waiting/pending subjobs

C A W | Activity  JobId  JobName  JobHost
- - - | --------- -----------------------
0 1 0 | launched  kiki-0-6a219c49 phase_pharm_1_find_common localhost [kiki]
1 0 0 | finished  kiki-0-6a219c49 phase_pharm_1_find_common localhost [kiki]

All jobs have completed.

1 of 1 job(s) succeeded; 0 job(s) failed.


phase_find_common job completed.
6 hypotheses created.
Common pharmacophore hypothesis job completed.

Current time: Thu Jun  4 11:43:08 2026
Elapsed time: 0:03:44.152844

Develop common pharmacophore workflow successful.
