--------------------------------------------------------------------------------
JobId          : kiki-0-6a219c88
Name           : phase_pharm_1_find_common_bedroc_screens
Program        : phase_screen
Host           : kiki.localdomain
Dir            : /home/kiki/software/schrodinger/scratch/kiki/phase_pharm_1
HostEntry      : localhost
JobHost        : kiki.localdomain
JobDir         : /home/kiki/software/schrodinger/scratch/kiki/phase_pharm_1_find_common_bedroc_screens
JobSchrodinger : /home/kiki/software/schrondiger
Commandline    : /home/kiki/software/schrondiger/phase_screen phase_pharm_1_find_common_bedroc_proj.list /home/kiki/software/schrodinger/scratch/kiki/phase_pharm_1/phase_pharm_1_find_common_bedroc_hypotheses.zip phase_pharm_1_find_common_bedroc_screens -d 2.0 -aw 1 -vw 1 -volw 1 -nosort -HOST localhost:1 -WAIT
StartTime      : 2026-06-04-11:40:56
--------------------------------------------------------------------------------

phase_screen: Thu Jun  4 11:40:58 2026

Screening structures in:
/home/kiki/software/schrodinger/scratch/kiki/phase_pharm_1/phase_pharm_1_find_common_actives/actives.phzip
/home/kiki/software/schrodinger/scratch/kiki/phase_pharm_1/phase_pharm_1_find_common_decoys/pharma_decoys.phzip
Hypotheses:
hypo_1 (feature types = AHHR)
hypo_2 (feature types = AHHR)
hypo_6 (feature types = ADHR)
hypo_5 (feature types = ADHR)
hypo_3 (feature types = ADHR)
hypo_4 (feature types = ADHR)
Job name: phase_pharm_1_find_common_bedroc_screens
Options:
-d 2.0
-nosort
-aw 1.0
-vw 1.0
-volw 1.0

Running subjobs on hosts:
  localhost (Max: 1)
Number of jobs:       1
Max retries per job:  3
Max allowed failures: 0
Run with -LOCAL:      False
Verbosity:            normal

Starting JobDJ...

Keep one job on driver host: False
JobDJ columns:
  C: Number of completed subjobs
  A: Number of active subjobs (e.g., submitted, running)
  W: Number of waiting/pending subjobs

C A W | Activity  JobId  JobName  JobHost
- - - | --------- -----------------------
0 1 0 | launched  kiki-0-6a219c8c phase_pharm_1_find_common_bedroc_screens_sub_1 localhost [kiki]
1 0 0 | finished  kiki-0-6a219c8c phase_pharm_1_find_common_bedroc_screens_sub_1 localhost [kiki]

All jobs have completed.

1 of 1 job(s) succeeded; 0 job(s) failed.

Combining subjob log files

*** Contents of phase_pharm_1_find_common_bedroc_screens_sub_1.log ***

--------------------------------------------------------------------------------
JobId          : kiki-0-6a219c8c
Name           : phase_pharm_1_find_common_bedroc_screens_sub_1
Program        : phase_screen
Host           : kiki.localdomain
Dir            : /home/kiki/software/schrodinger/scratch/kiki/phase_pharm_1_find_common_bedroc_screens
HostEntry      : localhost
JobHost        : kiki.localdomain
JobDir         : /home/kiki/software/schrodinger/scratch/kiki/phase_pharm_1_find_common_bedroc_screens_sub_1
JobSchrodinger : /home/kiki/software/schrondiger
Commandline    : /home/kiki/software/schrondiger/phase_screen phase_pharm_1_find_common_bedroc_proj.list phase_pharm_1_find_common_bedroc_screens_hypo_files/phase_pharm_1_find_common_bedroc_screens_sub_1_hypos.zip phase_pharm_1_find_common_bedroc_screens_sub_1 -subjob -d 2.0 -nosort -aw 1.0 -vw 1.0 -volw 1.0 -HOST localhost
StartTime      : 2026-06-04-11:41:01
--------------------------------------------------------------------------------

Screening: /home/kiki/software/schrodinger/scratch/kiki/phase_pharm_1/phase_pharm_1_find_common_actives/actives.phzip (project 1 of 2)
Hypothesis: hypo_1 (1 of 6)

Pre-screening 14 database records using 2D/3D index . . .
Number of records matched = 7
Pre-screen CPU time = 0.00 sec
[running at reduced cpu priority]

Finding hits to hypo_1 . . .

ID,#Confs,#Matches,#Screened
mol_1,99,234,1
mol_2,98,185,2
mol_3,100,60,3
mol_4,100,62,4
mol_6,100,92,5
mol_7,100,76,6
mol_8,100,41,7

Finished screening current batch of 7 molecules

Cumulative totals for phase_pharm_1_find_common_bedroc_screens_sub_1:
Number of molecules screened = 7
Number of conformers screened = 697
Number of matches found = 750
Number of molecules that produced matches = 7
Number of hits processed = 7

CPU time = 0.44 sec

--------------------------------------------------------------------------------

Screening: /home/kiki/software/schrodinger/scratch/kiki/phase_pharm_1/phase_pharm_1_find_common_actives/actives.phzip (project 1 of 2)
Hypothesis: hypo_2 (2 of 6)

Pre-screening 14 database records using 2D/3D index . . .
Number of records matched = 7
Pre-screen CPU time = 0.00 sec

Finding hits to hypo_2 . . .

ID,#Confs,#Matches,#Screened
mol_1,99,302,8
mol_2,98,214,9
mol_3,100,36,10
mol_4,100,35,11
mol_6,100,161,12
mol_7,100,114,13
mol_8,100,45,14

Finished screening current batch of 7 molecules

Cumulative totals for phase_pharm_1_find_common_bedroc_screens_sub_1:
Number of molecules screened = 14
Number of conformers screened = 1394
Number of matches found = 1657
Number of molecules that produced matches = 14
Number of hits processed = 14

CPU time = 0.41 sec

--------------------------------------------------------------------------------

Screening: /home/kiki/software/schrodinger/scratch/kiki/phase_pharm_1/phase_pharm_1_find_common_actives/actives.phzip (project 1 of 2)
Hypothesis: hypo_6 (3 of 6)

Pre-screening 14 database records using 2D/3D index . . .
Number of records matched = 10
Pre-screen CPU time = 0.00 sec

Finding hits to hypo_6 . . .

ID,#Confs,#Matches,#Screened
mol_1,99,49,15
mol_2,98,37,16
mol_3,100,117,17
mol_4,100,116,18
mol_6,100,204,19
mol_7,100,25,20
mol_11,100,28,22
mol_13,84,31,23
mol_14,67,29,24

Finished screening current batch of 10 molecules

Cumulative totals for phase_pharm_1_find_common_bedroc_screens_sub_1:
Number of molecules screened = 24
Number of conformers screened = 2337
Number of matches found = 2293
Number of molecules that produced matches = 23
Number of hits processed = 23

CPU time = 0.41 sec

--------------------------------------------------------------------------------

Screening: /home/kiki/software/schrodinger/scratch/kiki/phase_pharm_1/phase_pharm_1_find_common_actives/actives.phzip (project 1 of 2)
Hypothesis: hypo_5 (4 of 6)

Pre-screening 14 database records using 2D/3D index . . .
Number of records matched = 8
Pre-screen CPU time = 0.01 sec

Finding hits to hypo_5 . . .

ID,#Confs,#Matches,#Screened
mol_1,99,153,25
mol_2,98,119,26
mol_5,100,68,27
mol_6,100,356,28
mol_7,100,12,29
mol_11,100,115,30
mol_13,84,207,31
mol_14,67,122,32

Finished screening current batch of 8 molecules

Cumulative totals for phase_pharm_1_find_common_bedroc_screens_sub_1:
Number of molecules screened = 32
Number of conformers screened = 3085
Number of matches found = 3445
Number of molecules that produced matches = 31
Number of hits processed = 31

CPU time = 0.43 sec

--------------------------------------------------------------------------------

Screening: /home/kiki/software/schrodinger/scratch/kiki/phase_pharm_1/phase_pharm_1_find_common_actives/actives.phzip (project 1 of 2)
Hypothesis: hypo_3 (5 of 6)

Pre-screening 14 database records using 2D/3D index . . .
Number of records matched = 10
Pre-screen CPU time = 0.00 sec

Finding hits to hypo_3 . . .

ID,#Confs,#Matches,#Screened
mol_1,99,184,33
mol_2,98,145,34
mol_3,100,99,35
mol_4,100,94,36
mol_6,100,523,37
mol_7,100,24,38
mol_9,95,95,39
mol_11,100,20,40
mol_13,84,214,41
mol_14,67,122,42

Finished screening current batch of 10 molecules

Cumulative totals for phase_pharm_1_find_common_bedroc_screens_sub_1:
Number of molecules screened = 42
Number of conformers screened = 4028
Number of matches found = 4965
Number of molecules that produced matches = 41
Number of hits processed = 41

CPU time = 0.52 sec

--------------------------------------------------------------------------------

Screening: /home/kiki/software/schrodinger/scratch/kiki/phase_pharm_1/phase_pharm_1_find_common_actives/actives.phzip (project 1 of 2)
Hypothesis: hypo_4 (6 of 6)

Pre-screening 14 database records using 2D/3D index . . .
Number of records matched = 10
Pre-screen CPU time = 0.00 sec

Finding hits to hypo_4 . . .

ID,#Confs,#Matches,#Screened
mol_1,99,91,43
mol_2,98,74,44
mol_3,100,128,45
mol_4,100,126,46
mol_6,100,210,47
mol_7,100,24,48
mol_11,100,29,50
mol_13,84,40,51
mol_14,67,29,52

Finished screening current batch of 10 molecules

Cumulative totals for phase_pharm_1_find_common_bedroc_screens_sub_1:
Number of molecules screened = 52
Number of conformers screened = 4971
Number of matches found = 5716
Number of molecules that produced matches = 50
Number of hits processed = 50

CPU time = 0.39 sec

--------------------------------------------------------------------------------

Screening: /home/kiki/software/schrodinger/scratch/kiki/phase_pharm_1/phase_pharm_1_find_common_decoys/pharma_decoys.phzip (project 2 of 2)
Hypothesis: hypo_1 (1 of 6)

Pre-screening 1000 database records using 2D/3D index . . .
Number of records matched = 514
Pre-screen CPU time = 0.04 sec

Finding hits to hypo_1 . . .

ID,#Confs,#Matches,#Screened
mol_7,2,12,53
mol_42,50,81,55
mol_45,3,3,56
mol_61,9,18,57
mol_73,24,36,58
mol_75,18,21,59
mol_80,1,4,60
mol_85,70,18,64
mol_91,14,23,65
mol_93,4,3,66
mol_98,80,2,67
mol_100,50,3,68
mol_101,50,98,69
mol_103,12,123,70
mol_108,32,31,71
mol_111,12,12,72
mol_113,10,55,73
mol_115,70,66,74
mol_119,6,22,75
mol_127,50,66,77
mol_128,70,297,78
mol_133,90,131,81
mol_135,14,14,82
mol_153,40,153,83
mol_157,50,49,84
mol_158,16,90,85
mol_160,50,36,86
mol_166,23,110,87
mol_167,48,167,88
mol_170,8,8,89
mol_171,40,20,90
mol_182,70,31,92
mol_183,70,174,93
mol_187,12,24,96
mol_189,30,45,97
mol_194,2,2,98
mol_196,27,28,99
mol_203,100,42,100
mol_205,6,1,102
mol_206,50,198,103
mol_209,40,40,104
mol_216,60,294,106
mol_221,50,19,107
mol_224,46,54,109
mol_230,1,2,110
mol_232,70,94,111
mol_233,42,10,112
mol_236,70,697,113
mol_237,100,10,114
mol_238,17,4,115
mol_239,18,126,116
mol_240,44,390,117
mol_241,20,18,118
mol_248,40,9,120
mol_249,16,26,121
mol_250,50,1,122
mol_251,10,8,123
mol_256,16,50,124
mol_257,50,45,125
mol_262,15,15,126
mol_263,90,2,127
mol_270,80,191,129
mol_273,35,50,130
mol_274,70,27,131
mol_280,41,59,133
mol_282,80,165,134
mol_283,90,19,135
mol_288,100,132,137
mol_294,28,14,139
mol_295,28,14,140
mol_299,12,17,142
mol_300,13,14,143
mol_301,5,4,144
mol_305,50,80,146
mol_307,100,63,147
mol_308,80,116,148
mol_311,40,30,149
mol_312,70,36,150
mol_313,30,22,151
mol_314,24,288,152
mol_324,68,68,155
mol_326,50,45,156
mol_328,60,109,158
mol_330,90,110,159
mol_336,40,40,161
mol_339,8,10,162
mol_342,34,6,164
mol_346,70,271,165
mol_347,80,32,166
mol_354,100,417,168
mol_355,60,3,169
mol_357,70,43,170
mol_363,11,17,171
mol_366,23,8,173
mol_369,50,26,175
mol_371,60,553,177
mol_372,80,1,178
mol_378,70,6,179
mol_380,50,56,180
mol_382,65,35,181
mol_387,12,23,183
mol_392,90,201,185
mol_393,7,6,186
mol_396,36,48,187
mol_405,80,75,190
mol_409,70,62,191
mol_413,90,7,193
mol_415,70,63,194
mol_424,80,8,196
mol_432,50,61,199
mol_437,24,28,201
mol_438,50,89,202
mol_440,50,110,203
mol_442,80,14,204
mol_444,70,163,205
mol_448,80,25,206
mol_450,80,10,207
mol_451,75,125,208
mol_452,49,166,209
mol_454,90,123,210
mol_455,50,1,211
mol_456,50,9,212
mol_457,70,28,213
mol_461,100,7,215
mol_463,70,148,217
mol_465,4,22,218
mol_466,12,74,219
mol_470,34,102,220
mol_473,30,101,221
mol_474,100,81,222
mol_481,70,291,223
mol_483,60,34,224
mol_489,70,68,227
mol_491,40,80,228
mol_492,60,23,229
mol_497,16,40,230
mol_498,70,9,231
mol_500,54,64,232
mol_505,70,2,233
mol_507,8,12,234
mol_508,70,3,235
mol_509,50,42,236
mol_511,90,6,237
mol_512,60,171,238
mol_514,68,12,239
mol_516,70,85,241
mol_517,26,18,242
mol_519,70,600,244
mol_526,50,102,247
mol_527,54,216,248
mol_530,70,13,249
mol_532,90,26,251
mol_533,12,122,252
mol_538,56,246,253
mol_542,90,18,254
mol_543,80,213,255
mol_546,80,6,256
mol_547,70,222,257
mol_551,12,2,260
mol_553,20,17,261
mol_560,90,224,263
mol_561,100,16,264
mol_562,40,40,265
mol_565,8,26,266
mol_570,24,32,268
mol_575,100,87,271
mol_576,90,1,272
mol_580,70,127,273
mol_581,90,172,274
mol_584,58,31,275
mol_591,100,10,279
mol_593,30,104,280
mol_596,100,26,282
mol_598,100,20,283
mol_599,2,8,284
mol_600,70,218,285
mol_601,60,3,286
mol_603,4,16,287
mol_610,60,52,290
mol_611,36,48,291
mol_612,26,26,292
mol_614,33,8,293
mol_615,44,66,294
mol_616,50,8,295
mol_620,100,4,296
mol_621,70,346,297
mol_624,70,33,298
mol_629,100,11,302
mol_631,60,37,303
mol_632,80,222,304
mol_636,80,92,305
mol_638,90,17,307
mol_639,80,120,308
mol_644,80,17,310
mol_645,90,4,311
mol_647,6,12,313
mol_648,100,74,314
mol_650,16,102,315
mol_653,80,74,317
mol_654,90,137,318
mol_656,32,2,320
mol_659,100,4,321
mol_662,70,3,322
mol_664,60,60,323
mol_666,80,43,324
mol_667,50,195,325
mol_668,50,223,326
mol_669,80,304,327
mol_675,4,6,329
mol_676,24,120,330
mol_679,1,1,331
mol_682,100,9,334
mol_685,2,2,337
mol_686,70,209,338
mol_687,90,67,339
mol_688,88,88,340
mol_691,42,69,342
mol_695,71,103,344
mol_697,1,5,345
mol_702,80,192,347
mol_703,80,537,348
mol_704,70,2,349
mol_706,56,364,350
mol_707,80,415,351
mol_709,80,1,352
mol_710,100,4,353
mol_711,3,3,354
mol_712,100,4,355
mol_716,52,112,357
mol_717,90,13,358
mol_720,70,28,360
mol_722,80,195,361
mol_723,70,29,362
mol_724,60,180,363
mol_726,70,49,364
mol_727,50,7,365
mol_728,90,17,366
mol_729,80,62,367
mol_730,70,20,368
mol_731,36,129,369
mol_733,75,50,371
mol_734,100,21,372
mol_735,100,10,373
mol_738,70,155,375
mol_740,90,8,376
mol_741,98,98,377
mol_745,100,399,379
mol_747,60,13,381
mol_748,60,783,382
mol_749,100,7,383
mol_750,90,9,384
mol_755,33,122,385
mol_756,90,616,386
mol_758,100,80,387
mol_760,90,80,388
mol_761,60,30,389
mol_763,70,64,391
mol_764,69,16,392
mol_765,9,20,393
mol_766,90,4,394
mol_767,6,24,395
mol_768,100,292,396
mol_769,100,8,397
mol_772,100,652,398
mol_774,65,8,399
mol_775,100,99,400
mol_783,100,1,402
mol_784,88,176,403
mol_788,100,140,406
mol_790,90,81,407
mol_793,60,5,409
mol_794,60,314,410
mol_795,100,400,411
mol_803,100,248,417
mol_804,90,1,418
mol_805,90,121,419
mol_806,100,1,420
mol_808,70,29,421
mol_809,80,20,422
mol_810,34,15,423
mol_812,100,216,424
mol_813,90,73,425
mol_815,100,48,427
mol_817,100,345,428
mol_818,98,118,429
mol_819,90,122,430
mol_820,90,486,431
mol_821,80,109,432
mol_822,90,381,433
mol_825,100,92,434
mol_826,50,100,435
mol_828,34,519,436
mol_829,80,120,437
mol_830,90,31,438
mol_834,60,112,441
mol_838,88,39,443
mol_839,36,438,444
mol_847,100,50,448
mol_848,80,108,449
mol_850,100,12,451
mol_851,80,168,452
mol_854,100,16,454
mol_855,80,414,455
mol_856,15,72,456
mol_857,100,23,457
mol_860,80,80,458
mol_864,100,47,460
mol_865,100,237,461
mol_866,80,4,462
mol_872,80,388,466
mol_874,37,8,468
mol_875,54,33,469
mol_876,60,6,470
mol_877,80,352,471
mol_878,80,503,472
mol_879,100,164,473
mol_880,100,15,474
mol_881,100,193,475
mol_882,100,100,476
mol_887,80,629,478
mol_888,100,13,479
mol_889,100,210,480
mol_890,70,12,481
mol_892,100,208,482
mol_894,100,8,484
mol_896,70,70,486
mol_899,90,1,488
mol_901,100,143,489
mol_903,80,140,491
mol_906,40,80,493
mol_907,90,549,494
mol_909,100,25,495
mol_910,60,225,496
mol_911,60,324,497
mol_912,100,898,498
mol_913,80,8,499
mol_914,100,72,500
mol_915,100,47,501
mol_916,100,11,502
mol_917,49,255,503
mol_918,100,306,504
mol_920,100,9,505
mol_921,100,69,506
mol_925,100,374,508
mol_926,90,121,509
mol_927,80,366,510
mol_929,100,20,511
mol_930,70,403,512
mol_931,70,146,513
mol_933,90,513,514
mol_934,80,65,515
mol_936,100,159,516
mol_937,100,20,517
mol_938,100,10,518
mol_939,100,143,519
mol_940,100,69,520
mol_942,100,1110,521
mol_943,87,4,522
mol_944,100,453,523
mol_945,100,659,524
mol_946,100,253,525
mol_948,100,11,526
mol_949,100,72,527
mol_950,100,473,528
mol_951,16,80,529
mol_952,100,432,530
mol_953,80,209,531
mol_954,80,536,532
mol_955,100,97,533
mol_958,100,69,534
mol_959,100,22,535
mol_961,100,31,536
mol_963,100,212,538
mol_966,100,597,539
mol_968,90,8,540
mol_969,60,201,541
mol_970,100,269,542
mol_971,100,211,543
mol_972,40,34,544
mol_973,1,4,545
mol_974,100,199,546
mol_975,100,241,547
mol_976,100,178,548
mol_978,100,66,550
mol_979,90,443,551
mol_981,100,1969,552
mol_982,80,13,553
mol_983,70,42,554
mol_986,100,4,555
mol_987,100,83,556
mol_989,90,37,557
mol_990,10,103,558
mol_991,100,94,559
mol_994,100,33,560
mol_995,100,216,561
mol_996,90,13,562
mol_997,100,779,563
mol_998,100,194,564
mol_999,80,2072,565
mol_1000,100,287,566

Finished screening current batch of 514 molecules

Cumulative totals for phase_pharm_1_find_common_bedroc_screens_sub_1:
Number of molecules screened = 566
Number of conformers screened = 38008
Number of matches found = 55830
Number of molecules that produced matches = 450
Number of hits processed = 450

CPU time = 17.69 sec

--------------------------------------------------------------------------------

Screening: /home/kiki/software/schrodinger/scratch/kiki/phase_pharm_1/phase_pharm_1_find_common_decoys/pharma_decoys.phzip (project 2 of 2)
Hypothesis: hypo_2 (2 of 6)

Pre-screening 1000 database records using 2D/3D index . . .
Number of records matched = 486
Pre-screen CPU time = 0.04 sec

Finding hits to hypo_2 . . .

ID,#Confs,#Matches,#Screened
mol_7,2,8,567
mol_42,50,84,569
mol_45,3,1,570
mol_61,9,18,571
mol_80,1,4,574
mol_85,70,52,576
mol_91,14,26,577
mol_101,50,14,578
mol_103,12,123,579
mol_108,32,31,580
mol_113,10,51,582
mol_115,70,82,583
mol_119,6,3,584
mol_127,50,25,586
mol_128,70,131,587
mol_133,90,85,589
mol_135,14,14,590
mol_153,40,175,591
mol_157,50,47,592
mol_158,16,31,593
mol_160,50,62,594
mol_166,23,111,595
mol_167,48,169,596
mol_171,40,27,598
mol_179,3,1,599
mol_182,70,31,600
mol_183,70,118,601
mol_187,12,22,604
mol_189,30,45,605
mol_194,2,2,606
mol_196,27,27,607
mol_203,100,15,608
mol_206,50,126,611
mol_209,40,40,612
mol_216,60,300,614
mol_221,50,29,615
mol_224,46,26,617
mol_232,70,40,618
mol_233,42,6,619
mol_236,70,821,620
mol_237,100,21,621
mol_238,17,12,622
mol_239,18,84,623
mol_240,44,6,624
mol_248,40,9,627
mol_249,16,29,628
mol_256,16,45,630
mol_257,50,45,631
mol_262,15,17,632
mol_270,80,117,633
mol_273,35,4,634
mol_274,70,46,635
mol_282,80,123,638
mol_283,90,48,639
mol_288,100,103,641
mol_294,28,8,643
mol_295,28,8,644
mol_300,13,12,647
mol_301,5,3,648
mol_305,50,68,649
mol_307,100,90,650
mol_312,70,35,652
mol_313,30,18,653
mol_314,24,174,654
mol_320,12,10,655
mol_324,68,72,657
mol_326,50,41,658
mol_328,60,60,659
mol_330,90,105,660
mol_336,40,44,662
mol_339,8,14,663
mol_342,34,12,665
mol_346,70,224,666
mol_347,80,53,667
mol_354,100,109,669
mol_355,60,2,670
mol_371,60,625,676
mol_372,80,16,677
mol_378,70,7,678
mol_382,65,35,679
mol_387,12,21,680
mol_392,90,138,682
mol_393,7,8,683
mol_396,36,36,684
mol_405,80,87,686
mol_409,70,74,687
mol_413,90,15,689
mol_415,70,60,690
mol_424,80,14,692
mol_432,50,100,695
mol_437,24,34,697
mol_438,50,72,698
mol_440,50,107,699
mol_442,80,20,700
mol_444,70,140,701
mol_448,80,30,702
mol_450,80,10,703
mol_451,75,192,704
mol_452,49,163,705
mol_454,90,151,706
mol_456,50,18,707
mol_457,70,27,708
mol_461,100,13,710
mol_463,70,146,712
mol_465,4,12,713
mol_466,12,32,714
mol_470,34,48,715
mol_473,30,15,716
mol_474,100,85,717
mol_481,70,187,718
mol_483,60,33,719
mol_489,70,110,722
mol_491,40,40,723
mol_492,60,24,724
mol_497,16,16,725
mol_498,70,16,726
mol_500,54,128,727
mol_505,70,4,728
mol_507,8,4,729
mol_508,70,4,730
mol_509,50,126,731
mol_511,90,50,732
mol_512,60,330,733
mol_514,68,18,734
mol_516,70,7,736
mol_517,26,24,737
mol_519,70,651,739
mol_526,50,150,742
mol_527,54,180,743
mol_530,70,40,744
mol_532,90,28,746
mol_533,12,68,747
mol_538,56,70,748
mol_542,90,45,749
mol_543,80,95,750
mol_546,80,27,751
mol_547,70,131,752
mol_548,36,4,753
mol_551,12,5,755
mol_553,20,15,756
mol_560,90,186,758
mol_561,100,24,759
mol_562,40,40,760
mol_565,8,22,761
mol_570,24,7,762
mol_571,60,136,763
mol_575,100,148,765
mol_576,90,1,766
mol_579,60,76,767
mol_580,70,262,768
mol_581,90,144,769
mol_584,58,31,770
mol_587,60,9,772
mol_589,100,10,773
mol_593,30,72,774
mol_598,100,17,776
mol_599,2,10,777
mol_600,70,222,778
mol_601,60,1,779
mol_603,4,6,780
mol_608,13,6,781
mol_610,60,44,782
mol_611,36,69,783
mol_614,33,8,785
mol_615,44,66,786
mol_616,50,8,787
mol_620,100,12,788
mol_621,70,427,789
mol_624,70,39,790
mol_629,100,16,794
mol_631,60,132,795
mol_632,80,259,796
mol_636,80,93,797
mol_638,90,40,799
mol_639,80,133,800
mol_644,80,33,802
mol_645,90,3,803
mol_648,100,69,806
mol_650,16,68,807
mol_653,80,95,809
mol_654,90,90,810
mol_656,32,4,812
mol_659,100,8,813
mol_664,60,49,815
mol_666,80,55,816
mol_667,50,225,817
mol_668,50,239,818
mol_669,80,252,819
mol_673,90,23,820
mol_675,4,3,821
mol_676,24,39,822
mol_679,1,1,823
mol_682,100,8,826
mol_684,50,1,828
mol_685,2,2,829
mol_686,70,171,830
mol_687,90,38,831
mol_688,88,88,832
mol_691,42,79,834
mol_695,71,83,836
mol_697,1,3,837
mol_702,80,261,838
mol_703,80,398,839
mol_704,70,11,840
mol_706,56,392,841
mol_707,80,511,842
mol_710,100,16,844
mol_711,3,3,845
mol_712,100,5,846
mol_716,52,116,848
mol_717,90,40,849
mol_720,70,25,851
mol_722,80,129,852
mol_723,70,71,853
mol_724,60,154,854
mol_726,70,62,855
mol_727,50,7,856
mol_728,90,39,857
mol_730,70,26,859
mol_731,36,57,860
mol_732,40,72,861
mol_733,75,42,862
mol_734,100,66,863
mol_735,100,3,864
mol_738,70,144,866
mol_740,90,46,867
mol_741,98,33,868
mol_745,100,229,870
mol_747,60,17,872
mol_748,60,586,873
mol_749,100,15,874
mol_750,90,23,875
mol_755,33,35,876
mol_756,90,245,877
mol_758,100,32,878
mol_760,90,44,879
mol_763,70,6,881
mol_764,69,1,882
mol_765,9,14,883
mol_766,90,3,884
mol_768,100,190,886
mol_769,100,16,887
mol_772,100,445,888
mol_775,100,113,889
mol_783,100,4,891
mol_784,88,176,892
mol_787,100,16,893
mol_788,100,24,894
mol_790,90,11,895
mol_793,60,17,897
mol_794,60,339,898
mol_795,100,400,899
mol_803,100,200,905
mol_804,90,8,906
mol_805,90,148,907
mol_806,100,2,908
mol_808,70,2,909
mol_809,80,31,910
mol_810,34,15,911
mol_812,100,179,912
mol_815,100,80,913
mol_817,100,164,914
mol_818,98,24,915
mol_819,90,93,916
mol_820,90,192,917
mol_821,80,236,918
mol_822,90,198,919
mol_825,100,35,920
mol_826,50,100,921
mol_828,34,304,923
mol_829,80,110,924
mol_830,90,15,925
mol_834,60,160,928
mol_838,88,1,930
mol_839,36,204,931
mol_847,100,31,935
mol_848,80,98,936
mol_849,100,16,937
mol_851,80,160,938
mol_853,90,51,939
mol_854,100,17,940
mol_855,80,230,941
mol_856,15,61,942
mol_857,100,25,943
mol_860,80,97,945
mol_864,100,69,947
mol_865,100,187,948
mol_866,80,2,949
mol_869,80,8,952
mol_872,80,243,953
mol_874,37,6,954
mol_875,54,24,955
mol_876,60,32,956
mol_877,80,533,957
mol_878,80,448,958
mol_879,100,159,959
mol_880,100,10,960
mol_881,100,178,961
mol_882,100,15,962
mol_887,80,476,964
mol_888,100,16,965
mol_889,100,177,966
mol_890,70,1,967
mol_892,100,7,968
mol_894,100,10,970
mol_896,70,70,972
mol_899,90,36,974
mol_901,100,186,975
mol_903,80,80,976
mol_906,40,40,978
mol_907,90,546,979
mol_909,100,44,980
mol_910,60,119,981
mol_911,60,76,982
mol_912,100,350,983
mol_913,80,115,984
mol_914,100,37,985
mol_915,100,36,986
mol_916,100,19,987
mol_917,49,14,988
mol_918,100,181,989
mol_920,100,14,991
mol_921,100,37,992
mol_925,100,103,994
mol_926,90,143,995
mol_927,80,320,996
mol_929,100,100,997
mol_930,70,371,998
mol_931,70,100,999
mol_933,90,198,1000
mol_934,80,1,1001
mol_936,100,233,1002
mol_937,100,28,1003
mol_938,100,16,1004
mol_939,100,74,1005
mol_940,100,80,1006
mol_942,100,1317,1007
mol_943,87,13,1008
mol_944,100,418,1009
mol_945,100,397,1010
mol_946,100,348,1011
mol_948,100,10,1012
mol_949,100,56,1013
mol_950,100,654,1014
mol_951,16,48,1015
mol_953,80,246,1017
mol_954,80,322,1018
mol_955,100,123,1019
mol_958,100,63,1020
mol_959,100,31,1021
mol_961,100,33,1022
mol_963,100,251,1024
mol_966,100,293,1025
mol_968,90,13,1026
mol_969,60,317,1027
mol_970,100,250,1028
mol_971,100,257,1029
mol_972,40,20,1030
mol_973,1,3,1031
mol_974,100,182,1032
mol_975,100,147,1033
mol_976,100,304,1034
mol_978,100,4,1036
mol_979,90,640,1037
mol_981,100,1680,1038
mol_982,80,94,1039
mol_983,70,56,1040
mol_986,100,8,1041
mol_987,100,54,1042
mol_989,90,48,1043
mol_990,10,59,1044
mol_991,100,81,1045
mol_994,100,120,1046
mol_995,100,49,1047
mol_996,90,199,1048
mol_997,100,669,1049
mol_998,100,108,1050
mol_999,80,1570,1051
mol_1000,100,164,1052

Finished screening current batch of 486 molecules

Cumulative totals for phase_pharm_1_find_common_bedroc_screens_sub_1:
Number of molecules screened = 1052
Number of conformers screened = 69391
Number of matches found = 97514
Number of molecules that produced matches = 829
Number of hits processed = 829

CPU time = 15.85 sec

--------------------------------------------------------------------------------

Screening: /home/kiki/software/schrodinger/scratch/kiki/phase_pharm_1/phase_pharm_1_find_common_decoys/pharma_decoys.phzip (project 2 of 2)
Hypothesis: hypo_6 (3 of 6)

Pre-screening 1000 database records using 2D/3D index . . .
Number of records matched = 588
Pre-screen CPU time = 0.04 sec

Finding hits to hypo_6 . . .

ID,#Confs,#Matches,#Screened
mol_6,1,1,1053
mol_7,2,2,1054
mol_9,6,17,1055
mol_26,6,18,1058
mol_31,6,15,1059
mol_32,70,24,1060
mol_33,30,2,1061
mol_42,50,36,1062
mol_56,60,30,1067
mol_59,1,2,1068
mol_62,25,101,1069
mol_68,12,6,1071
mol_73,24,12,1072
mol_75,18,9,1073
mol_80,1,4,1074
mol_81,23,15,1075
mol_85,70,120,1078
mol_88,6,1,1079
mol_90,30,89,1080
mol_93,4,3,1081
mol_98,80,28,1085
mol_99,6,22,1086
mol_100,50,83,1087
mol_101,50,15,1088
mol_102,24,10,1089
mol_103,12,55,1090
mol_108,32,32,1092
mol_110,2,2,1093
mol_113,10,47,1095
mol_119,6,12,1096
mol_122,50,59,1098
mol_127,50,111,1099
mol_128,70,70,1100
mol_131,43,46,1101
mol_133,90,133,1102
mol_146,18,29,1105
mol_147,1,3,1106
mol_151,10,20,1108
mol_155,30,76,1110
mol_157,50,18,1111
mol_160,50,24,1113
mol_161,80,421,1114
mol_163,60,10,1115
mol_164,17,1,1116
mol_167,48,101,1117
mol_171,40,13,1118
mol_179,3,1,1120
mol_182,70,35,1121
mol_183,70,2,1122
mol_187,12,14,1124
mol_189,30,5,1125
mol_190,60,14,1126
mol_193,60,184,1127
mol_196,27,25,1128
mol_201,6,1,1129
mol_203,100,10,1130
mol_206,50,101,1133
mol_208,12,2,1135
mol_211,12,2,1136
mol_212,80,80,1137
mol_214,9,3,1138
mol_219,68,136,1139
mol_221,50,73,1140
mol_222,90,180,1141
mol_224,46,36,1142
mol_226,80,20,1144
mol_228,80,29,1145
mol_230,1,4,1146
mol_232,70,58,1147
mol_233,42,4,1148
mol_237,100,1,1151
mol_240,44,128,1153
mol_248,40,14,1155
mol_249,16,27,1156
mol_250,50,44,1157
mol_251,10,20,1158
mol_253,8,4,1159
mol_256,16,34,1160
mol_257,50,115,1161
mol_259,50,188,1162
mol_267,60,60,1166
mol_268,8,24,1167
mol_274,70,100,1170
mol_275,15,55,1171
mol_278,12,6,1174
mol_279,11,6,1175
mol_280,41,43,1176
mol_282,80,34,1177
mol_283,90,32,1178
mol_286,24,20,1179
mol_288,100,48,1180
mol_290,18,30,1182
mol_293,60,60,1184
mol_294,28,4,1185
mol_295,28,4,1186
mol_297,28,7,1187
mol_298,50,13,1188
mol_299,12,30,1189
mol_300,13,17,1190
mol_302,80,10,1192
mol_303,50,22,1193
mol_305,50,123,1194
mol_307,100,15,1196
mol_308,80,19,1197
mol_309,39,15,1198
mol_310,100,1,1199
mol_312,70,45,1200
mol_313,30,103,1201
mol_314,24,54,1202
mol_315,16,2,1203
mol_316,80,5,1204
mol_317,100,21,1205
mol_318,16,62,1206
mol_320,12,24,1208
mol_321,27,17,1209
mol_322,3,6,1210
mol_326,50,146,1211
mol_330,90,119,1212
mol_333,80,20,1214
mol_334,80,2,1215
mol_336,40,76,1217
mol_339,8,12,1218
mol_341,47,11,1220
mol_342,34,58,1221
mol_343,50,5,1222
mol_344,50,85,1223
mol_347,80,4,1225
mol_350,40,148,1227
mol_354,100,438,1228
mol_355,60,76,1229
mol_361,80,78,1231
mol_364,24,24,1232
mol_366,23,19,1234
mol_369,50,26,1235
mol_372,80,44,1236
mol_373,60,13,1237
mol_377,8,4,1239
mol_378,70,74,1240
mol_379,50,16,1241
mol_382,65,65,1242
mol_385,60,47,1243
mol_386,80,234,1244
mol_387,12,8,1245
mol_389,50,100,1246
mol_392,90,193,1247
mol_393,7,12,1248
mol_394,40,44,1249
mol_399,70,2,1250
mol_400,60,52,1251
mol_405,80,71,1252
mol_409,70,40,1255
mol_410,100,12,1256
mol_413,90,121,1257
mol_419,28,26,1260
mol_420,50,35,1261
mol_424,80,26,1264
mol_425,70,14,1265
mol_427,24,24,1267
mol_429,80,33,1268
mol_434,50,100,1270
mol_436,17,12,1271
mol_437,24,64,1272
mol_438,50,39,1273
mol_440,50,597,1274
mol_448,80,8,1276
mol_450,80,356,1277
mol_452,49,33,1278
mol_455,50,20,1279
mol_456,50,52,1280
mol_457,70,28,1281
mol_458,50,17,1282
mol_459,54,20,1283
mol_461,100,41,1284
mol_462,90,180,1285
mol_463,70,33,1286
mol_465,4,4,1288
mol_466,12,12,1289
mol_469,80,39,1290
mol_470,34,54,1291
mol_472,90,204,1293
mol_473,30,24,1294
mol_476,50,45,1295
mol_478,40,16,1296
mol_480,50,98,1297
mol_481,70,225,1298
mol_483,60,16,1300
mol_484,40,40,1301
mol_486,90,24,1302
mol_489,70,85,1303
mol_491,40,40,1304
mol_492,60,16,1305
mol_494,18,2,1306
mol_495,80,58,1307
mol_498,70,241,1308
mol_501,70,29,1310
mol_502,35,4,1311
mol_503,30,30,1312
mol_505,70,85,1313
mol_508,70,70,1314
mol_511,90,6,1315
mol_514,68,91,1316
mol_516,70,251,1317
mol_517,26,8,1318
mol_529,20,10,1327
mol_530,70,21,1328
mol_531,90,153,1329
mol_533,12,12,1331
mol_534,24,72,1332
mol_536,90,18,1333
mol_538,56,17,1334
mol_539,100,1,1335
mol_542,90,11,1337
mol_543,80,311,1338
mol_544,60,80,1339
mol_545,32,16,1340
mol_546,80,8,1341
mol_547,70,184,1342
mol_552,70,63,1346
mol_554,80,18,1347
mol_559,70,37,1349
mol_560,90,108,1350
mol_561,100,66,1351
mol_563,44,37,1352
mol_564,80,6,1353
mol_566,50,1,1355
mol_570,24,18,1356
mol_571,60,2,1357
mol_572,60,72,1358
mol_575,100,18,1360
mol_580,70,174,1362
mol_581,90,134,1363
mol_584,58,6,1365
mol_587,60,121,1367
mol_588,50,46,1368
mol_589,100,32,1369
mol_593,30,32,1370
mol_594,98,13,1371
mol_596,100,151,1372
mol_598,100,14,1374
mol_599,2,1,1375
mol_600,70,51,1376
mol_601,60,67,1377
mol_603,4,4,1378
mol_610,60,12,1380
mol_611,36,212,1381
mol_614,33,25,1383
mol_615,44,88,1384
mol_616,50,34,1385
mol_618,90,101,1386
mol_620,100,137,1387
mol_623,60,72,1389
mol_624,70,57,1390
mol_626,24,12,1392
mol_627,80,61,1393
mol_629,100,45,1394
mol_630,12,30,1395
mol_631,60,84,1396
mol_636,80,77,1400
mol_637,56,64,1401
mol_638,90,12,1402
mol_639,80,444,1403
mol_640,60,120,1404
mol_644,80,267,1405
mol_645,90,303,1406
mol_647,6,12,1407
mol_648,100,117,1408
mol_653,80,48,1409
mol_655,90,121,1410
mol_656,32,4,1411
mol_657,60,80,1412
mol_659,100,18,1413
mol_661,100,20,1415
mol_662,70,2,1416
mol_664,60,28,1417
mol_665,80,11,1418
mol_666,80,9,1419
mol_669,80,164,1422
mol_671,60,13,1423
mol_672,90,247,1424
mol_677,70,29,1426
mol_680,40,21,1427
mol_681,70,271,1428
mol_682,100,41,1429
mol_683,32,32,1430
mol_685,2,3,1432
mol_689,90,29,1434
mol_691,42,104,1436
mol_695,71,110,1437
mol_696,70,48,1438
mol_700,36,48,1440
mol_702,80,144,1441
mol_704,70,105,1442
mol_710,100,102,1446
mol_711,3,2,1447
mol_712,100,47,1448
mol_713,70,70,1449
mol_717,90,35,1451
mol_718,80,7,1452
mol_720,70,55,1454
mol_725,90,75,1455
mol_726,70,124,1456
mol_727,50,179,1457
mol_728,90,369,1458
mol_729,80,5,1459
mol_730,70,63,1460
mol_731,36,42,1461
mol_733,75,72,1462
mol_736,90,55,1464
mol_738,70,34,1465
mol_743,60,66,1466
mol_746,100,34,1468
mol_747,60,111,1469
mol_749,100,9,1470
mol_750,90,113,1471
mol_752,70,48,1472
mol_754,90,45,1473
mol_756,90,144,1474
mol_765,9,22,1479
mol_767,6,6,1481
mol_768,100,2,1482
mol_771,100,321,1484
mol_772,100,351,1485
mol_773,100,276,1486
mol_775,100,105,1487
mol_783,100,5,1489
mol_788,100,24,1491
mol_791,90,37,1493
mol_793,60,6,1495
mol_794,60,250,1496
mol_795,100,94,1497
mol_801,70,110,1500
mol_802,1,2,1501
mol_803,100,83,1502
mol_804,90,305,1503
mol_805,90,489,1504
mol_806,100,4,1505
mol_807,60,127,1506
mol_808,70,12,1507
mol_809,80,80,1508
mol_810,34,38,1509
mol_812,100,185,1511
mol_813,90,104,1512
mol_814,16,40,1513
mol_815,100,193,1514
mol_817,100,14,1515
mol_819,90,183,1516
mol_820,90,618,1517
mol_821,80,73,1518
mol_825,100,28,1520
mol_829,80,77,1523
mol_830,90,2,1524
mol_831,80,39,1525
mol_836,90,14,1528
mol_839,36,36,1529
mol_847,100,66,1533
mol_848,80,101,1534
mol_850,100,203,1536
mol_852,100,27,1537
mol_853,90,46,1538
mol_854,100,49,1539
mol_855,80,130,1540
mol_856,15,19,1541
mol_857,100,29,1542
mol_860,80,820,1545
mol_862,100,2,1547
mol_864,100,52,1549
mol_865,100,60,1550
mol_867,100,20,1551
mol_868,70,108,1552
mol_869,80,277,1553
mol_870,70,70,1554
mol_873,80,72,1557
mol_875,54,31,1559
mol_876,60,32,1560
mol_877,80,82,1561
mol_878,80,118,1562
mol_879,100,38,1563
mol_880,100,97,1564
mol_881,100,3,1565
mol_882,100,30,1566
mol_888,100,12,1568
mol_889,100,98,1569
mol_891,90,39,1570
mol_894,100,103,1572
mol_895,100,100,1573
mol_896,70,52,1574
mol_899,90,35,1576
mol_901,100,6,1577
mol_902,100,30,1578
mol_903,80,99,1579
mol_905,68,96,1581
mol_906,40,40,1582
mol_909,100,69,1583
mol_913,80,167,1584
mol_915,100,29,1585
mol_916,100,2,1586
mol_918,100,11,1587
mol_919,80,129,1588
mol_920,100,3,1589
mol_921,100,41,1590
mol_922,100,1,1591
mol_923,100,9,1592
mol_924,100,4,1593
mol_925,100,300,1594
mol_926,90,192,1595
mol_927,80,46,1596
mol_929,100,43,1597
mol_930,70,30,1598
mol_931,70,46,1599
mol_933,90,118,1600
mol_934,80,134,1601
mol_936,100,82,1603
mol_938,100,4,1605
mol_939,100,102,1606
mol_940,100,40,1607
mol_942,100,319,1608
mol_943,87,99,1609
mol_948,100,78,1610
mol_949,100,151,1611
mol_950,100,391,1612
mol_955,100,293,1614
mol_958,100,167,1615
mol_963,100,103,1617
mol_968,90,4,1618
mol_970,100,296,1619
mol_971,100,217,1620
mol_972,40,70,1621
mol_974,100,274,1622
mol_975,100,100,1623
mol_976,100,282,1624
mol_977,100,177,1625
mol_978,100,47,1626
mol_979,90,18,1627
mol_983,70,109,1629
mol_986,100,225,1631
mol_987,100,85,1632
mol_989,90,118,1633
mol_990,10,2,1634
mol_994,100,58,1636
mol_995,100,36,1637
mol_996,90,90,1638
mol_997,100,212,1639
mol_998,100,111,1640

Finished screening current batch of 588 molecules

Cumulative totals for phase_pharm_1_find_common_bedroc_screens_sub_1:
Number of molecules screened = 1640
Number of conformers screened = 104797
Number of matches found = 129896
Number of molecules that produced matches = 1272
Number of hits processed = 1272

CPU time = 15.77 sec

--------------------------------------------------------------------------------

Screening: /home/kiki/software/schrodinger/scratch/kiki/phase_pharm_1/phase_pharm_1_find_common_decoys/pharma_decoys.phzip (project 2 of 2)
Hypothesis: hypo_5 (4 of 6)

Pre-screening 1000 database records using 2D/3D index . . .
Number of records matched = 568
Pre-screen CPU time = 0.04 sec

Finding hits to hypo_5 . . .

ID,#Confs,#Matches,#Screened
mol_12,20,20,1642
mol_26,6,2,1643
mol_42,50,50,1644
mol_56,60,1,1648
mol_58,11,58,1649
mol_62,25,66,1650
mol_68,12,20,1652
mol_82,70,3,1656
mol_83,70,1,1657
mol_85,70,36,1658
mol_93,4,1,1659
mol_99,6,17,1663
mol_102,24,36,1665
mol_103,12,12,1666
mol_108,32,31,1667
mol_110,2,2,1668
mol_113,10,39,1670
mol_121,25,22,1673
mol_127,50,48,1674
mol_128,70,48,1675
mol_151,10,8,1678
mol_155,30,21,1680
mol_161,80,3,1684
mol_164,17,12,1686
mol_167,48,62,1687
mol_174,76,24,1690
mol_179,3,3,1691
mol_183,70,5,1693
mol_187,12,4,1696
mol_189,30,1,1697
mol_190,60,162,1698
mol_193,60,80,1699
mol_196,27,44,1700
mol_201,6,2,1701
mol_206,50,59,1705
mol_221,50,32,1709
mol_235,13,1,1716
mol_237,100,53,1718
mol_238,17,1,1719
mol_248,40,58,1722
mol_249,16,20,1723
mol_250,50,8,1724
mol_253,8,2,1726
mol_255,50,56,1727
mol_256,16,43,1728
mol_257,50,46,1729
mol_259,50,96,1730
mol_265,6,6,1732
mol_269,48,24,1735
mol_274,70,36,1737
mol_278,12,4,1741
mol_279,11,4,1742
mol_280,41,15,1743
mol_282,80,12,1744
mol_283,90,165,1745
mol_286,24,14,1746
mol_288,100,141,1747
mol_293,60,32,1750
mol_298,50,43,1754
mol_299,12,6,1755
mol_303,50,30,1759
mol_305,50,87,1760
mol_307,100,157,1762
mol_308,80,56,1763
mol_309,39,8,1764
mol_312,70,18,1766
mol_313,30,35,1767
mol_314,24,2,1768
mol_316,80,39,1770
mol_317,100,93,1771
mol_320,12,70,1773
mol_321,27,71,1774
mol_326,50,50,1776
mol_330,90,41,1777
mol_331,12,4,1778
mol_333,80,16,1779
mol_334,80,157,1780
mol_335,4,10,1781
mol_336,40,154,1782
mol_339,8,21,1783
mol_340,70,70,1784
mol_341,47,47,1785
mol_342,34,28,1786
mol_343,50,60,1787
mol_344,50,85,1788
mol_346,70,14,1789
mol_354,100,41,1793
mol_355,60,20,1794
mol_357,70,114,1795
mol_365,40,16,1797
mol_372,80,84,1801
mol_377,8,4,1802
mol_378,70,148,1803
mol_379,50,36,1804
mol_385,60,136,1805
mol_386,80,70,1806
mol_389,50,42,1808
mol_390,90,26,1809
mol_393,7,8,1811
mol_394,40,62,1812
mol_399,70,17,1813
mol_400,60,4,1814
mol_405,80,95,1815
mol_409,70,68,1817
mol_413,90,49,1819
mol_416,70,3,1821
mol_418,32,22,1822
mol_419,28,26,1823
mol_420,50,103,1824
mol_422,8,2,1825
mol_424,80,144,1827
mol_425,70,49,1828
mol_426,60,5,1829
mol_427,24,8,1830
mol_429,80,67,1831
mol_431,60,5,1832
mol_440,50,136,1837
mol_450,80,74,1840
mol_452,49,129,1841
mol_455,50,7,1842
mol_457,70,59,1844
mol_459,54,8,1846
mol_461,100,41,1847
mol_463,70,1,1849
mol_469,80,2,1853
mol_471,1,1,1855
mol_478,40,21,1858
mol_480,50,26,1859
mol_481,70,18,1860
mol_483,60,11,1862
mol_486,90,36,1864
mol_489,70,92,1865
mol_492,60,5,1867
mol_494,18,2,1869
mol_495,80,69,1870
mol_498,70,154,1871
mol_500,54,43,1872
mol_502,35,43,1873
mol_503,30,30,1874
mol_504,90,4,1875
mol_508,70,15,1877
mol_511,90,46,1878
mol_514,68,45,1879
mol_516,70,40,1881
mol_517,26,16,1882
mol_523,90,3,1886
mol_528,80,6,1890
mol_530,70,33,1892
mol_536,90,184,1896
mol_537,16,8,1897
mol_538,56,13,1898
mol_539,100,83,1899
mol_542,90,20,1901
mol_543,80,44,1902
mol_544,60,5,1903
mol_545,32,12,1904
mol_546,80,18,1905
mol_547,70,145,1906
mol_550,60,18,1908
mol_551,12,132,1909
mol_552,70,68,1910
mol_554,80,14,1911
mol_556,48,10,1912
mol_559,70,158,1913
mol_560,90,2,1914
mol_561,100,120,1915
mol_563,44,18,1916
mol_564,80,118,1917
mol_566,50,47,1919
mol_567,80,2,1920
mol_571,60,12,1922
mol_572,60,76,1923
mol_575,100,23,1925
mol_580,70,162,1927
mol_582,90,76,1929
mol_585,24,14,1931
mol_587,60,60,1932
mol_588,50,47,1933
mol_589,100,36,1934
mol_593,30,16,1935
mol_596,100,155,1937
mol_598,100,236,1939
mol_600,70,10,1941
mol_601,60,86,1942
mol_608,13,11,1944
mol_611,36,39,1946
mol_614,33,41,1949
mol_615,44,44,1950
mol_616,50,79,1951
mol_618,90,68,1952
mol_620,100,18,1953
mol_623,60,72,1955
mol_624,70,56,1956
mol_627,80,10,1958
mol_628,90,19,1959
mol_629,100,10,1960
mol_630,12,84,1961
mol_631,60,102,1962
mol_636,80,33,1966
mol_637,56,24,1967
mol_638,90,93,1968
mol_639,80,97,1969
mol_644,80,92,1971
mol_645,90,25,1972
mol_648,100,1,1974
mol_653,80,73,1975
mol_655,90,44,1976
mol_656,32,26,1977
mol_658,90,6,1978
mol_659,100,9,1979
mol_660,100,1,1980
mol_661,100,62,1981
mol_662,70,22,1982
mol_663,80,107,1983
mol_664,60,37,1984
mol_665,80,32,1985
mol_666,80,12,1986
mol_667,50,10,1987
mol_668,50,8,1988
mol_669,80,24,1989
mol_671,60,27,1990
mol_672,90,33,1991
mol_677,70,185,1993
mol_680,40,3,1994
mol_682,100,45,1996
mol_684,50,46,1998
mol_685,2,2,1999
mol_686,70,26,2000
mol_689,90,25,2001
mol_690,40,32,2002
mol_691,42,2,2003
mol_695,71,131,2004
mol_696,70,43,2005
mol_700,36,12,2007
mol_702,80,58,2008
mol_704,70,118,2009
mol_705,50,1,2010
mol_706,56,18,2011
mol_707,80,28,2012
mol_709,80,12,2013
mol_710,100,44,2014
mol_711,3,2,2015
mol_712,100,5,2016
mol_713,70,91,2017
mol_714,60,32,2018
mol_717,90,82,2019
mol_718,80,99,2020
mol_720,70,55,2021
mol_725,90,206,2022
mol_726,70,57,2023
mol_727,50,114,2024
mol_728,90,62,2025
mol_729,80,73,2026
mol_730,70,169,2027
mol_733,75,68,2029
mol_736,90,16,2031
mol_743,60,12,2033
mol_746,100,143,2035
mol_747,60,121,2036
mol_750,90,35,2038
mol_752,70,20,2039
mol_754,90,145,2040
mol_758,100,35,2042
mol_759,70,16,2043
mol_760,90,5,2044
mol_762,70,28,2046
mol_766,90,12,2048
mol_768,100,1,2050
mol_769,100,98,2051
mol_771,100,148,2052
mol_772,100,63,2053
mol_773,100,153,2054
mol_775,100,139,2055
mol_780,58,12,2056
mol_790,90,3,2061
mol_792,13,1,2063
mol_794,60,350,2065
mol_798,100,208,2068
mol_801,70,58,2069
mol_802,1,4,2070
mol_803,100,36,2071
mol_804,90,16,2072
mol_805,90,17,2073
mol_806,100,77,2074
mol_807,60,36,2075
mol_809,80,77,2077
mol_812,100,136,2079
mol_813,90,65,2080
mol_814,16,43,2081
mol_815,100,42,2082
mol_817,100,38,2083
mol_819,90,182,2084
mol_820,90,59,2085
mol_824,90,38,2088
mol_825,100,184,2089
mol_829,80,159,2091
mol_831,80,58,2093
mol_833,36,48,2094
mol_835,60,12,2095
mol_837,80,12,2097
mol_847,100,122,2101
mol_848,80,52,2102
mol_849,100,7,2103
mol_850,100,255,2104
mol_852,100,196,2105
mol_853,90,144,2106
mol_854,100,295,2107
mol_855,80,1,2108
mol_857,100,194,2110
mol_858,60,38,2111
mol_859,100,176,2112
mol_860,80,166,2113
mol_862,100,44,2115
mol_864,100,51,2117
mol_865,100,68,2118
mol_867,100,77,2119
mol_868,70,110,2120
mol_869,80,10,2121
mol_870,70,107,2122
mol_871,40,24,2123
mol_873,80,199,2125
mol_875,54,113,2127
mol_876,60,46,2128
mol_877,80,27,2129
mol_880,100,68,2132
mol_882,100,89,2134
mol_888,100,100,2136
mol_889,100,76,2137
mol_894,100,53,2139
mol_899,90,137,2142
mol_901,100,221,2143
mol_906,40,46,2148
mol_909,100,18,2149
mol_915,100,9,2151
mol_916,100,166,2152
mol_918,100,101,2153
mol_920,100,5,2155
mol_921,100,4,2156
mol_922,100,73,2157
mol_924,100,8,2159
mol_925,100,47,2160
mol_926,90,6,2161
mol_927,80,13,2162
mol_929,100,1,2163
mol_930,70,78,2164
mol_931,70,4,2165
mol_933,90,32,2166
mol_934,80,160,2167
mol_936,100,386,2169
mol_937,100,299,2170
mol_938,100,15,2171
mol_940,100,18,2173
mol_942,100,109,2175
mol_943,87,209,2176
mol_948,100,132,2177
mol_949,100,193,2178
mol_950,100,372,2179
mol_955,100,55,2181
mol_958,100,147,2182
mol_959,100,282,2183
mol_963,100,79,2184
mol_968,90,168,2185
mol_970,100,341,2186
mol_971,100,213,2187
mol_972,40,111,2188
mol_974,100,201,2189
mol_976,100,275,2191
mol_977,100,172,2192
mol_979,90,253,2194
mol_983,70,292,2196
mol_984,1,1,2197
mol_986,100,53,2198
mol_987,100,502,2199
mol_988,100,93,2200
mol_989,90,208,2201
mol_990,10,5,2202
mol_991,100,28,2203
mol_994,100,70,2204
mol_995,100,8,2205
mol_996,90,2,2206
mol_997,100,472,2207
mol_998,100,139,2208

Finished screening current batch of 568 molecules

Cumulative totals for phase_pharm_1_find_common_bedroc_screens_sub_1:
Number of molecules screened = 2208
Number of conformers screened = 139767
Number of matches found = 154776
Number of molecules that produced matches = 1654
Number of hits processed = 1654

CPU time = 15.60 sec

--------------------------------------------------------------------------------

Screening: /home/kiki/software/schrodinger/scratch/kiki/phase_pharm_1/phase_pharm_1_find_common_decoys/pharma_decoys.phzip (project 2 of 2)
Hypothesis: hypo_3 (5 of 6)

Pre-screening 1000 database records using 2D/3D index . . .
Number of records matched = 611
Pre-screen CPU time = 0.04 sec

Finding hits to hypo_3 . . .

ID,#Confs,#Matches,#Screened
mol_4,6,6,2209
mol_6,1,1,2210
mol_7,2,4,2211
mol_9,6,11,2212
mol_12,20,20,2213
mol_21,80,7,2214
mol_25,4,2,2215
mol_26,6,7,2216
mol_31,6,9,2217
mol_32,70,31,2218
mol_42,50,53,2219
mol_59,1,4,2224
mol_62,25,99,2225
mol_66,80,16,2227
mol_68,12,8,2228
mol_73,24,48,2229
mol_75,18,75,2230
mol_80,1,5,2231
mol_81,23,14,2232
mol_85,70,49,2236
mol_88,6,1,2237
mol_90,30,42,2238
mol_94,36,6,2240
mol_95,2,2,2241
mol_98,80,23,2243
mol_99,6,18,2244
mol_100,50,213,2245
mol_101,50,65,2246
mol_102,24,4,2247
mol_103,12,55,2248
mol_110,2,4,2251
mol_113,10,49,2253
mol_119,6,24,2254
mol_120,20,16,2255
mol_122,50,39,2256
mol_127,50,345,2257
mol_128,70,213,2258
mol_131,43,29,2259
mol_132,70,57,2260
mol_133,90,343,2261
mol_138,50,43,2263
mol_140,80,16,2264
mol_146,18,50,2265
mol_147,1,3,2266
mol_149,8,3,2267
mol_151,10,20,2268
mol_153,40,73,2269
mol_155,30,162,2270
mol_157,50,150,2271
mol_161,80,577,2274
mol_163,60,69,2275
mol_164,17,9,2276
mol_167,48,188,2277
mol_171,40,4,2278
mol_179,3,4,2281
mol_182,70,31,2282
mol_183,70,2,2283
mol_184,12,24,2284
mol_187,12,14,2285
mol_189,30,14,2286
mol_193,60,290,2288
mol_196,27,74,2289
mol_201,6,9,2290
mol_203,100,11,2291
mol_206,50,141,2294
mol_212,80,80,2298
mol_214,9,30,2299
mol_219,68,172,2300
mol_221,50,84,2301
mol_222,90,180,2302
mol_226,80,59,2303
mol_228,80,54,2304
mol_230,1,6,2305
mol_232,70,189,2306
mol_233,42,41,2307
mol_237,100,135,2309
mol_240,44,217,2311
mol_248,40,39,2313
mol_249,16,48,2314
mol_250,50,7,2315
mol_251,10,40,2316
mol_253,8,14,2317
mol_256,16,138,2318
mol_257,50,209,2319
mol_259,50,261,2320
mol_265,6,3,2323
mol_268,8,32,2325
mol_274,70,107,2328
mol_275,15,85,2329
mol_276,50,100,2330
mol_278,12,6,2332
mol_279,11,4,2333
mol_280,41,174,2334
mol_282,80,57,2335
mol_283,90,134,2336
mol_286,24,6,2337
mol_288,100,169,2338
mol_289,16,24,2339
mol_290,18,36,2340
mol_293,60,60,2342
mol_294,28,57,2343
mol_295,28,36,2344
mol_297,28,4,2345
mol_298,50,36,2346
mol_299,12,11,2347
mol_300,13,73,2348
mol_301,5,1,2349
mol_303,50,30,2351
mol_305,50,106,2352
mol_307,100,58,2354
mol_308,80,96,2355
mol_309,39,24,2356
mol_310,100,3,2357
mol_312,70,20,2358
mol_313,30,22,2359
mol_314,24,240,2360
mol_316,80,78,2362
mol_317,100,39,2363
mol_318,16,46,2364
mol_320,12,67,2366
mol_321,27,33,2367
mol_322,3,12,2368
mol_326,50,201,2369
mol_328,60,46,2370
mol_330,90,194,2371
mol_331,12,2,2372
mol_333,80,162,2373
mol_334,80,4,2374
mol_336,40,92,2376
mol_339,8,14,2377
mol_341,47,22,2379
mol_342,34,70,2380
mol_343,50,135,2381
mol_344,50,70,2382
mol_346,70,82,2383
mol_347,80,10,2384
mol_349,8,3,2385
mol_350,40,228,2386
mol_354,100,398,2387
mol_355,60,253,2388
mol_361,80,156,2390
mol_364,24,21,2391
mol_365,40,45,2392
mol_366,23,48,2393
mol_367,12,8,2394
mol_372,80,21,2395
mol_377,8,26,2397
mol_378,70,74,2398
mol_382,65,65,2399
mol_385,60,136,2400
mol_386,80,213,2401
mol_387,12,14,2402
mol_388,7,3,2403
mol_389,50,46,2404
mol_392,90,96,2405
mol_393,7,11,2406
mol_394,40,4,2407
mol_396,36,72,2408
mol_399,70,50,2409
mol_400,60,53,2410
mol_405,80,91,2412
mol_406,20,60,2413
mol_409,70,22,2415
mol_410,100,38,2416
mol_413,90,102,2417
mol_416,70,26,2419
mol_418,32,34,2420
mol_419,28,26,2421
mol_420,50,127,2422
mol_422,8,5,2423
mol_424,80,66,2425
mol_425,70,41,2426
mol_427,24,36,2428
mol_429,80,33,2429
mol_430,36,36,2430
mol_434,50,50,2432
mol_436,17,44,2433
mol_437,24,76,2434
mol_438,50,159,2435
mol_440,50,427,2436
mol_448,80,19,2439
mol_450,80,358,2440
mol_452,49,62,2441
mol_455,50,33,2442
mol_456,50,38,2443
mol_457,70,140,2444
mol_458,50,60,2445
mol_459,54,31,2446
mol_461,100,127,2447
mol_462,90,540,2448
mol_463,70,152,2449
mol_464,30,17,2450
mol_465,4,8,2451
mol_466,12,24,2452
mol_468,16,3,2453
mol_469,80,100,2454
mol_470,34,34,2455
mol_471,1,1,2456
mol_472,90,288,2457
mol_476,50,49,2459
mol_478,40,10,2460
mol_480,50,70,2461
mol_481,70,195,2462
mol_482,16,1,2463
mol_484,40,136,2465
mol_485,21,8,2466
mol_486,90,36,2467
mol_489,70,268,2468
mol_491,40,111,2469
mol_492,60,3,2470
mol_493,80,19,2471
mol_494,18,5,2472
mol_495,80,6,2473
mol_498,70,561,2474
mol_500,54,96,2475
mol_501,70,70,2476
mol_502,35,24,2477
mol_503,30,6,2478
mol_508,70,181,2480
mol_511,90,94,2481
mol_514,68,286,2482
mol_515,100,10,2483
mol_516,70,231,2484
mol_517,26,26,2485
mol_522,90,60,2488
mol_523,90,7,2489
mol_528,80,34,2494
mol_529,20,30,2495
mol_530,70,90,2496
mol_531,90,246,2497
mol_532,90,2,2498
mol_533,12,24,2499
mol_534,24,48,2500
mol_536,90,16,2501
mol_537,16,11,2502
mol_538,56,9,2503
mol_539,100,1,2504
mol_541,4,4,2506
mol_542,90,40,2507
mol_543,80,321,2508
mol_544,60,87,2509
mol_545,32,48,2510
mol_546,80,41,2511
mol_547,70,250,2512
mol_551,12,18,2515
mol_552,70,32,2516
mol_554,80,24,2517
mol_556,48,16,2518
mol_559,70,110,2519
mol_560,90,181,2520
mol_561,100,34,2521
mol_563,44,10,2522
mol_564,80,190,2523
mol_565,8,24,2524
mol_567,80,260,2526
mol_570,24,62,2527
mol_571,60,1,2528
mol_572,60,118,2529
mol_575,100,37,2531
mol_579,60,240,2532
mol_580,70,269,2533
mol_581,90,200,2534
mol_587,60,89,2538
mol_588,50,76,2539
mol_589,100,95,2540
mol_591,100,79,2541
mol_593,30,32,2542
mol_594,98,89,2543
mol_596,100,175,2544
mol_597,8,2,2545
mol_598,100,7,2546
mol_599,2,3,2547
mol_600,70,308,2548
mol_601,60,91,2549
mol_603,4,6,2550
mol_608,13,30,2551
mol_610,60,4,2552
mol_611,36,214,2553
mol_614,33,64,2555
mol_615,44,110,2556
mol_616,50,122,2557
mol_618,90,53,2558
mol_620,100,7,2559
mol_623,60,108,2561
mol_624,70,54,2562
mol_627,80,78,2565
mol_629,100,103,2566
mol_630,12,55,2567
mol_631,60,284,2568
mol_632,80,8,2569
mol_634,70,13,2570
mol_635,60,20,2571
mol_636,80,81,2572
mol_637,56,112,2573
mol_638,90,146,2574
mol_639,80,461,2575
mol_640,60,60,2576
mol_644,80,497,2577
mol_645,90,452,2578
mol_647,6,18,2579
mol_653,80,49,2581
mol_654,90,67,2582
mol_655,90,232,2583
mol_656,32,10,2584
mol_657,60,179,2585
mol_658,90,52,2586
mol_659,100,75,2587
mol_660,100,7,2588
mol_661,100,28,2589
mol_662,70,6,2590
mol_664,60,31,2591
mol_665,80,82,2592
mol_666,80,5,2593
mol_669,80,202,2596
mol_671,60,63,2597
mol_672,90,115,2598
mol_677,70,27,2600
mol_680,40,5,2601
mol_682,100,145,2603
mol_683,32,32,2604
mol_684,50,36,2605
mol_685,2,10,2606
mol_686,70,51,2607
mol_690,40,3,2609
mol_691,42,170,2610
mol_695,71,120,2611
mol_696,70,7,2612
mol_698,90,72,2613
mol_699,60,60,2614
mol_702,80,230,2615
mol_704,70,131,2616
mol_706,56,42,2617
mol_707,80,54,2618
mol_709,80,8,2619
mol_710,100,100,2620
mol_711,3,1,2621
mol_712,100,98,2622
mol_713,70,116,2623
mol_714,60,8,2624
mol_717,90,123,2625
mol_718,80,13,2626
mol_719,100,36,2627
mol_720,70,110,2628
mol_725,90,70,2629
mol_726,70,249,2630
mol_727,50,183,2631
mol_728,90,672,2632
mol_729,80,160,2633
mol_730,70,278,2634
mol_731,36,78,2635
mol_736,90,183,2638
mol_738,70,95,2639
mol_743,60,78,2640
mol_745,100,171,2641
mol_747,60,122,2643
mol_749,100,257,2644
mol_750,90,96,2645
mol_752,70,109,2646
mol_754,90,204,2647
mol_755,33,4,2648
mol_756,90,192,2649
mol_759,70,58,2651
mol_762,70,39,2654
mol_765,9,18,2655
mol_766,90,65,2656
mol_767,6,12,2657
mol_768,100,1,2658
mol_769,100,10,2659
mol_771,100,497,2660
mol_772,100,353,2661
mol_773,100,18,2662
mol_775,100,311,2663
mol_780,58,46,2664
mol_787,100,15,2667
mol_788,100,256,2668
mol_791,90,76,2670
mol_792,13,1,2671
mol_794,60,814,2673
mol_795,100,71,2674
mol_797,14,10,2675
mol_801,70,110,2677
mol_802,1,4,2678
mol_803,100,90,2679
mol_804,90,729,2680
mol_805,90,751,2681
mol_806,100,1,2682
mol_807,60,301,2683
mol_808,70,27,2684
mol_809,80,200,2685
mol_810,34,143,2686
mol_812,100,338,2688
mol_813,90,72,2689
mol_814,16,8,2690
mol_815,100,234,2691
mol_817,100,90,2692
mol_819,90,185,2693
mol_820,90,523,2694
mol_821,80,79,2695
mol_825,100,155,2697
mol_829,80,122,2700
mol_831,80,92,2702
mol_835,60,46,2704
mol_837,80,211,2706
mol_839,36,72,2707
mol_843,70,67,2708
mol_844,90,1,2709
mol_847,100,5,2711
mol_848,80,412,2712
mol_849,100,17,2713
mol_850,100,135,2714
mol_852,100,3,2715
mol_853,90,237,2716
mol_854,100,20,2717
mol_855,80,153,2718
mol_856,15,15,2719
mol_857,100,94,2720
mol_858,60,68,2721
mol_860,80,681,2723
mol_862,100,8,2725
mol_863,100,162,2726
mol_864,100,431,2727
mol_865,100,222,2728
mol_868,70,64,2730
mol_869,80,706,2731
mol_870,70,117,2732
mol_873,80,130,2735
mol_875,54,20,2737
mol_876,60,29,2738
mol_877,80,141,2739
mol_878,80,276,2740
mol_879,100,38,2741
mol_880,100,25,2742
mol_881,100,124,2743
mol_882,100,126,2744
mol_886,100,32,2745
mol_888,100,110,2746
mol_889,100,48,2747
mol_891,90,46,2748
mol_892,100,8,2749
mol_894,100,109,2750
mol_895,100,103,2751
mol_896,70,156,2752
mol_899,90,215,2754
mol_901,100,260,2755
mol_902,100,14,2756
mol_903,80,80,2757
mol_904,100,64,2758
mol_905,68,96,2759
mol_906,40,78,2760
mol_909,100,100,2761
mol_913,80,171,2762
mol_915,100,186,2763
mol_916,100,73,2764
mol_918,100,147,2765
mol_919,80,49,2766
mol_920,100,15,2767
mol_921,100,55,2768
mol_923,100,12,2769
mol_924,100,167,2770
mol_925,100,558,2771
mol_926,90,250,2772
mol_927,80,209,2773
mol_929,100,132,2774
mol_930,70,143,2775
mol_931,70,14,2776
mol_933,90,286,2777
mol_934,80,169,2778
mol_936,100,347,2780
mol_937,100,114,2781
mol_938,100,7,2782
mol_939,100,2,2783
mol_940,100,169,2784
mol_941,28,19,2785
mol_942,100,396,2786
mol_943,87,119,2787
mol_948,100,10,2788
mol_949,100,343,2789
mol_950,100,745,2790
mol_955,100,633,2792
mol_958,100,255,2793
mol_959,100,280,2794
mol_960,60,32,2795
mol_963,100,195,2796
mol_968,90,228,2797
mol_970,100,532,2798
mol_971,100,154,2799
mol_972,40,69,2800
mol_974,100,217,2801
mol_975,100,75,2802
mol_976,100,511,2803
mol_977,100,345,2804
mol_978,100,105,2805
mol_979,90,40,2806
mol_981,100,89,2807
mol_983,70,318,2808
mol_986,100,553,2810
mol_987,100,84,2811
mol_989,90,55,2812
mol_990,10,26,2813
mol_991,100,161,2814
mol_994,100,156,2815
mol_995,100,152,2816
mol_996,90,1,2817
mol_997,100,319,2818
mol_998,100,228,2819

Finished screening current batch of 611 molecules

Cumulative totals for phase_pharm_1_find_common_bedroc_screens_sub_1:
Number of molecules screened = 2819
Number of conformers screened = 176399
Number of matches found = 209683
Number of molecules that produced matches = 2159
Number of hits processed = 2159

CPU time = 20.77 sec

--------------------------------------------------------------------------------

Screening: /home/kiki/software/schrodinger/scratch/kiki/phase_pharm_1/phase_pharm_1_find_common_decoys/pharma_decoys.phzip (project 2 of 2)
Hypothesis: hypo_4 (6 of 6)

Pre-screening 1000 database records using 2D/3D index . . .
Number of records matched = 591
Pre-screen CPU time = 0.04 sec

Finding hits to hypo_4 . . .

ID,#Confs,#Matches,#Screened
mol_4,6,6,2820
mol_6,1,1,2821
mol_7,2,2,2822
mol_9,6,17,2823
mol_12,20,20,2824
mol_26,6,14,2827
mol_31,6,15,2828
mol_32,70,24,2829
mol_33,30,2,2830
mol_42,50,36,2831
mol_56,60,30,2836
mol_59,1,1,2837
mol_62,25,95,2838
mol_68,12,10,2840
mol_73,24,24,2841
mol_75,18,18,2842
mol_80,1,4,2843
mol_81,23,15,2844
mol_85,70,117,2847
mol_88,6,1,2848
mol_90,30,85,2849
mol_93,4,3,2850
mol_95,2,2,2852
mol_98,80,24,2854
mol_99,6,21,2855
mol_100,50,90,2856
mol_101,50,15,2857
mol_102,24,14,2858
mol_103,12,80,2859
mol_108,32,32,2861
mol_110,2,2,2862
mol_113,10,49,2864
mol_119,6,18,2865
mol_122,50,70,2866
mol_127,50,132,2867
mol_128,70,140,2868
mol_131,43,59,2869
mol_133,90,203,2870
mol_146,18,26,2873
mol_147,1,2,2874
mol_151,10,20,2876
mol_155,30,89,2878
mol_157,50,18,2879
mol_160,50,24,2881
mol_161,80,432,2882
mol_163,60,16,2883
mol_164,17,1,2884
mol_167,48,108,2885
mol_171,40,14,2886
mol_179,3,1,2888
mol_182,70,35,2889
mol_183,70,3,2890
mol_187,12,10,2892
mol_189,30,6,2893
mol_190,60,14,2894
mol_193,60,194,2895
mol_196,27,23,2896
mol_201,6,1,2897
mol_203,100,5,2898
mol_206,50,108,2901
mol_208,12,2,2903
mol_211,12,2,2904
mol_212,80,80,2905
mol_214,9,6,2906
mol_219,68,136,2907
mol_221,50,72,2908
mol_222,90,180,2909
mol_224,46,32,2910
mol_226,80,12,2912
mol_228,80,29,2913
mol_230,1,3,2914
mol_232,70,62,2915
mol_233,42,4,2916
mol_235,13,4,2917
mol_237,100,1,2919
mol_238,17,2,2920
mol_240,44,150,2921
mol_244,20,40,2922
mol_248,40,15,2923
mol_249,16,19,2924
mol_250,50,44,2925
mol_251,10,20,2926
mol_253,8,6,2927
mol_256,16,38,2928
mol_257,50,115,2929
mol_259,50,190,2930
mol_267,60,60,2934
mol_268,8,24,2935
mol_274,70,108,2938
mol_275,15,70,2939
mol_278,12,6,2942
mol_279,11,6,2943
mol_280,41,63,2944
mol_282,80,33,2945
mol_283,90,32,2946
mol_286,24,20,2947
mol_288,100,42,2948
mol_290,18,27,2950
mol_293,60,60,2952
mol_294,28,4,2953
mol_295,28,4,2954
mol_298,50,13,2956
mol_299,12,5,2957
mol_300,13,19,2958
mol_302,80,10,2960
mol_303,50,27,2961
mol_305,50,120,2962
mol_307,100,15,2964
mol_308,80,23,2965
mol_309,39,15,2966
mol_310,100,1,2967
mol_312,70,37,2968
mol_313,30,103,2969
mol_314,24,36,2970
mol_315,16,2,2971
mol_316,80,5,2972
mol_317,100,27,2973
mol_318,16,60,2974
mol_320,12,12,2976
mol_321,27,16,2977
mol_322,3,6,2978
mol_326,50,149,2979
mol_330,90,143,2980
mol_333,80,20,2982
mol_334,80,1,2983
mol_336,40,78,2985
mol_339,8,14,2986
mol_341,47,11,2988
mol_342,34,61,2989
mol_343,50,7,2990
mol_344,50,76,2991
mol_347,80,3,2993
mol_350,40,188,2995
mol_354,100,438,2996
mol_355,60,106,2997
mol_361,80,156,2999
mol_364,24,30,3000
mol_366,23,15,3002
mol_372,80,22,3004
mol_373,60,11,3005
mol_377,8,4,3007
mol_378,70,75,3008
mol_379,50,13,3009
mol_382,65,65,3010
mol_385,60,53,3011
mol_386,80,234,3012
mol_387,12,9,3013
mol_389,50,85,3014
mol_392,90,193,3015
mol_393,7,12,3016
mol_394,40,38,3017
mol_399,70,2,3019
mol_400,60,55,3020
mol_405,80,75,3021
mol_409,70,38,3024
mol_410,100,14,3025
mol_413,90,112,3026
mol_419,28,26,3029
mol_420,50,49,3030
mol_424,80,26,3033
mol_425,70,17,3034
mol_427,24,24,3036
mol_429,80,33,3037
mol_434,50,100,3039
mol_436,17,13,3040
mol_437,24,76,3041
mol_438,50,39,3042
mol_440,50,612,3043
mol_448,80,4,3045
mol_450,80,385,3046
mol_452,49,30,3047
mol_455,50,22,3048
mol_456,50,52,3049
mol_457,70,28,3050
mol_458,50,17,3051
mol_459,54,22,3052
mol_461,100,41,3053
mol_462,90,180,3054
mol_463,70,34,3055
mol_465,4,8,3057
mol_466,12,24,3058
mol_469,80,39,3059
mol_470,34,54,3060
mol_472,90,204,3062
mol_473,30,18,3063
mol_476,50,45,3064
mol_478,40,20,3065
mol_480,50,98,3066
mol_481,70,224,3067
mol_483,60,16,3069
mol_484,40,40,3070
mol_486,90,25,3071
mol_489,70,83,3072
mol_492,60,16,3074
mol_494,18,2,3075
mol_495,80,48,3076
mol_498,70,269,3077
mol_501,70,29,3079
mol_502,35,14,3080
mol_503,30,30,3081
mol_505,70,84,3082
mol_508,70,71,3083
mol_511,90,8,3084
mol_514,68,91,3085
mol_515,100,2,3086
mol_516,70,248,3087
mol_517,26,8,3088
mol_529,20,10,3097
mol_530,70,21,3098
mol_531,90,153,3099
mol_533,12,24,3101
mol_534,24,96,3102
mol_536,90,13,3103
mol_538,56,16,3104
mol_539,100,1,3105
mol_542,90,16,3107
mol_543,80,320,3108
mol_544,60,80,3109
mol_545,32,24,3110
mol_546,80,8,3111
mol_547,70,162,3112
mol_552,70,51,3116
mol_554,80,18,3117
mol_556,48,2,3118
mol_559,70,37,3119
mol_560,90,119,3120
mol_561,100,59,3121
mol_563,44,37,3122
mol_564,80,8,3123
mol_566,50,2,3125
mol_570,24,18,3126
mol_571,60,5,3127
mol_572,60,75,3128
mol_575,100,18,3130
mol_580,70,210,3132
mol_581,90,154,3133
mol_584,58,6,3135
mol_587,60,124,3137
mol_588,50,49,3138
mol_589,100,69,3139
mol_593,30,16,3140
mol_594,98,11,3141
mol_596,100,158,3142
mol_598,100,13,3144
mol_599,2,1,3145
mol_600,70,48,3146
mol_601,60,61,3147
mol_603,4,4,3148
mol_610,60,13,3150
mol_611,36,200,3151
mol_614,33,25,3153
mol_615,44,88,3154
mol_616,50,32,3155
mol_618,90,83,3156
mol_620,100,119,3157
mol_623,60,72,3159
mol_624,70,44,3160
mol_626,24,12,3162
mol_627,80,61,3163
mol_629,100,45,3164
mol_630,12,32,3165
mol_631,60,90,3166
mol_636,80,60,3170
mol_637,56,64,3171
mol_638,90,12,3172
mol_639,80,469,3173
mol_640,60,120,3174
mol_644,80,296,3175
mol_645,90,300,3176
mol_647,6,12,3177
mol_648,100,117,3178
mol_653,80,47,3179
mol_655,90,115,3180
mol_656,32,6,3181
mol_657,60,80,3182
mol_659,100,43,3184
mol_661,100,30,3186
mol_664,60,28,3188
mol_665,80,14,3189
mol_666,80,9,3190
mol_669,80,162,3193
mol_671,60,13,3194
mol_672,90,273,3195
mol_677,70,30,3197
mol_680,40,23,3198
mol_681,70,271,3199
mol_682,100,41,3200
mol_683,32,32,3201
mol_685,2,3,3203
mol_689,90,38,3205
mol_691,42,104,3207
mol_695,71,105,3208
mol_696,70,37,3209
mol_700,36,60,3211
mol_702,80,149,3212
mol_704,70,112,3213
mol_709,80,1,3216
mol_710,100,95,3217
mol_711,3,2,3218
mol_712,100,40,3219
mol_713,70,70,3220
mol_717,90,64,3222
mol_718,80,9,3223
mol_720,70,55,3225
mol_725,90,66,3226
mol_726,70,128,3227
mol_727,50,194,3228
mol_728,90,418,3229
mol_729,80,5,3230
mol_730,70,62,3231
mol_731,36,54,3232
mol_733,75,71,3233
mol_736,90,55,3235
mol_738,70,33,3236
mol_743,60,66,3237
mol_745,100,5,3238
mol_746,100,34,3239
mol_747,60,109,3240
mol_749,100,22,3241
mol_750,90,105,3242
mol_752,70,48,3243
mol_754,90,45,3244
mol_756,90,153,3245
mol_765,9,22,3250
mol_766,90,1,3251
mol_767,6,6,3252
mol_768,100,2,3253
mol_771,100,298,3255
mol_772,100,358,3256
mol_773,100,279,3257
mol_775,100,108,3258
mol_783,100,8,3260
mol_788,100,24,3262
mol_791,90,45,3264
mol_793,60,6,3266
mol_794,60,238,3267
mol_795,100,83,3268
mol_801,70,110,3271
mol_802,1,4,3272
mol_803,100,80,3273
mol_804,90,349,3274
mol_805,90,567,3275
mol_806,100,4,3276
mol_807,60,132,3277
mol_808,70,12,3278
mol_809,80,77,3279
mol_810,34,75,3280
mol_812,100,178,3282
mol_813,90,97,3283
mol_814,16,40,3284
mol_815,100,199,3285
mol_817,100,14,3286
mol_819,90,183,3287
mol_820,90,626,3288
mol_821,80,79,3289
mol_825,100,26,3291
mol_829,80,112,3294
mol_830,90,1,3295
mol_831,80,39,3296
mol_836,90,15,3299
mol_839,36,72,3300
mol_847,100,47,3304
mol_848,80,185,3305
mol_850,100,359,3307
mol_852,100,26,3308
mol_853,90,46,3309
mol_854,100,55,3310
mol_855,80,130,3311
mol_856,15,20,3312
mol_857,100,35,3313
mol_860,80,835,3316
mol_862,100,2,3318
mol_864,100,65,3320
mol_865,100,60,3321
mol_867,100,13,3322
mol_868,70,110,3323
mol_869,80,386,3324
mol_870,70,70,3325
mol_873,80,102,3328
mol_875,54,35,3330
mol_876,60,35,3331
mol_877,80,91,3332
mol_878,80,118,3333
mol_879,100,25,3334
mol_880,100,73,3335
mol_881,100,3,3336
mol_882,100,30,3337
mol_888,100,9,3339
mol_889,100,98,3340
mol_891,90,39,3341
mol_894,100,103,3343
mol_895,100,100,3344
mol_896,70,55,3345
mol_899,90,35,3347
mol_901,100,8,3348
mol_902,100,28,3349
mol_903,80,80,3350
mol_905,68,108,3352
mol_909,100,73,3354
mol_913,80,148,3355
mol_915,100,31,3356
mol_916,100,3,3357
mol_918,100,18,3358
mol_919,80,129,3359
mol_920,100,7,3360
mol_921,100,50,3361
mol_923,100,10,3362
mol_924,100,4,3363
mol_925,100,331,3364
mol_926,90,203,3365
mol_927,80,59,3366
mol_929,100,43,3367
mol_930,70,66,3368
mol_931,70,46,3369
mol_933,90,122,3370
mol_934,80,131,3371
mol_936,100,100,3373
mol_937,100,3,3374
mol_938,100,3,3375
mol_939,100,104,3376
mol_940,100,44,3377
mol_942,100,352,3378
mol_943,87,103,3379
mol_948,100,71,3380
mol_949,100,207,3381
mol_950,100,403,3382
mol_955,100,291,3384
mol_958,100,158,3385
mol_959,100,3,3386
mol_963,100,113,3387
mol_968,90,3,3388
mol_970,100,253,3389
mol_971,100,192,3390
mol_972,40,70,3391
mol_974,100,161,3392
mol_975,100,115,3393
mol_976,100,279,3394
mol_977,100,185,3395
mol_978,100,47,3396
mol_979,90,8,3397
mol_981,100,20,3398
mol_983,70,110,3399
mol_986,100,239,3401
mol_987,100,89,3402
mol_989,90,73,3403
mol_990,10,7,3404
mol_994,100,68,3406
mol_995,100,36,3407
mol_996,90,91,3408
mol_997,100,199,3409
mol_998,100,114,3410

Finished screening current batch of 591 molecules

Cumulative totals for phase_pharm_1_find_common_bedroc_screens_sub_1:
Number of molecules screened = 3410
Number of conformers screened = 211932
Number of matches found = 243446
Number of molecules that produced matches = 2610
Number of hits processed = 2610

CPU time = 16.18 sec

--------------------------------------------------------------------------------

Current time: Thu Jun  4 11:42:47 2026
Elapsed time: 0:01:44.69
phase_screen successfully completed.


*** End of phase_pharm_1_find_common_bedroc_screens_sub_1.log ***

Combining hits from successful subjobs

All subjobs completed normally

Current time: Thu Jun  4 11:42:49 2026
Elapsed time: 0:01:50.59
phase_screen successfully completed.

[running at reduced cpu priority]
