--------------------------------------------------------------------------------
JobId          : kiki-0-6a219b99
Name           : ligprep_1
Program        : LigPrep
Host           : kiki.localdomain
Dir            : /mnt/c/Users/cjpav/Documents/codes/biomed/proyecto2-biomed/PDB/ligprep_1
HostEntry      : localhost
JobHost        : kiki.localdomain
JobDir         : /home/kiki/software/schrodinger/scratch/kiki/ligprep_1
JobSchrodinger : /home/kiki/software/schrondiger
Commandline    : /home/kiki/software/schrondiger/ligprep -inp ligprep_1.inp -HOST localhost:1 -NJOBS 1 -PROJ /home/kiki/software/schrodinger/scratch/kiki/Tmp_04Jun2026_1019_27821 -DISP append -VIEWNAME ligprep_gui.LigPrepPanel -TMPLAUNCHDIR
StartTime      : 2026-06-04-11:36:58
--------------------------------------------------------------------------------
LigPrep (version 55139). Copyright Schrodinger, LLC. All rights reserved.

LigPrep command:
$SCHRODINGER/ligprep -retain i -bff 16 -epik -s 32 -imae ligprep_1.maegz -omae ligprep_1-out.maegz

Processing steps:
$DO.sdstereoexpander -add_hydrogens -max_output 32 -max_generated 1024 <infile.mae> <outfile.mae>
$DO.htreat -t All-None -a all -s -l 200 <infile.mae> <outfile.mae>
$DO.desalter <infile.mae> <outfile.mae>
$DO.neutralizer -retain_lab -m 200 <infile.mae> <outfile.mae>
$DO.epik.py -ph 7.0 -retain_i_lab -retain_t_lab -tn 8 -ma 200 -imae <infile.mae> -omae <outfile.mae>
$DO.guard <infile.mae> <outfile.mae>
$DO.stereoizer -label_specified_chiralities -n 32 <infile.mae> <outfile.mae>
$DO.lp_noredund <infile.mae> <outfile.mae>
$DO.cgx -optimize -ffld 16 -epsilon 10.0 <infile.mae> <outfile.mae>
$DO.filterstereo -max_stereo 32 <infile.mae> <outfile.mae>

DO=$SCHRODINGER/run python3 -m schrodinger.application.macromodel.packages.ligprep3

# counts of output and dropped structures after processing steps
# index  sdstex  htreat  desalt  neutra   epik    guard  stereo  redund    cgx   filter  title
WARNING mmlewis warning: Wrong Lewis structure in structure input file
mmlewis warning: with title: 6x48
mmlewis warning: Problems were identified with the following atoms:
mmlewis warning:  7 
mmlewis warning: Now attempting to fix the lewis structure.
WARNING mmlewis warning: A valid lewis structure was successfully generated.
WARNING mmlewis warning: Wrong Lewis structure in structure input file
mmlewis warning: with title: 6x48
mmlewis warning: Problems were identified with the following atoms:
mmlewis warning:  7 
mmlewis warning: Now attempting to fix the lewis structure.
WARNING mmlewis warning: A valid lewis structure was successfully generated.
WARNING mmlewis warning: Wrong Lewis structure in structure input file
mmlewis warning: with title: 6x48
mmlewis warning: Problems were identified with the following atoms:
mmlewis warning:  7 
mmlewis warning: Now attempting to fix the lewis structure.
WARNING mmlewis warning: A valid lewis structure was successfully generated.
WARNING mmlewis warning: Wrong Lewis structure in structure input file
mmlewis warning: with title: 6x48
mmlewis warning: Problems were identified with the following atoms:
mmlewis warning:  7 
mmlewis warning: Now attempting to fix the lewis structure.
WARNING mmlewis warning: A valid lewis structure was successfully generated.
WARNING mmlewis warning: Wrong Lewis structure in structure input file
mmlewis warning: with title: 6x48
mmlewis warning: Problems were identified with the following atoms:
mmlewis warning:  7 
mmlewis warning: Now attempting to fix the lewis structure.
WARNING mmlewis warning: A valid lewis structure was successfully generated.
WARNING mmlewis warning: Wrong Lewis structure in structure input file
mmlewis warning: with title: 6x48
mmlewis warning: Problems were identified with the following atoms:
mmlewis warning:  7 
mmlewis warning: Now attempting to fix the lewis structure.
FATAL mmlewis error: Problems remain with the following atoms:
mmlewis error:  10
epik:
WARNING mmtaut:fix_using_mmlewis: Problem in mmlewis_apply
WARNING mmtaut_fix_lewis_structures: Problem in fix_using_mmlewis

guard:
WARNING mmlewis warning: Wrong Lewis structure in structure input file
mmlewis warning: with title: 6x48
mmlewis warning: Problems were identified with the following atoms:
mmlewis warning:  7 
mmlewis warning: Now attempting to fix the lewis structure.
WARNING mmlewis warning: A valid lewis structure was successfully generated.
WARNING mmlewis warning: Wrong Lewis structure in structure input file
mmlewis warning: with title: 6x48
mmlewis warning: Problems were identified with the following atoms:
mmlewis warning:  7 
mmlewis warning: Now attempting to fix the lewis structure.
WARNING mmlewis warning: A valid lewis structure was successfully generated.
WARNING mmlewis warning: Wrong Lewis structure in structure input file
mmlewis warning: with title: 6x48
mmlewis warning: Problems were identified with the following atoms:
mmlewis warning:  7 
mmlewis warning: Now attempting to fix the lewis structure.
FATAL mmlewis error: Problems remain with the following atoms:
mmlewis error:  10
WARNING mmlewis_apply() failed

       1   1/0     1/0     1/0     2/0     3/0     2/1     2/1     2/1     2/1     2/1   '6x48'
       2   1/0     1/0     1/0     1/0     2/0     2/0     2/0     2/0     2/0     2/0   '5mri'
       3   1/0     1/0     1/0     2/0     2/0     2/0     2/0     1/0     1/0     1/0   '6x4h'
WARNING mmlewis warning: Wrong Lewis structure in structure input file
mmlewis warning: with title: 4msl
mmlewis warning: Problems were identified with the following atoms:
mmlewis warning:  3 
mmlewis warning: Now attempting to fix the lewis structure.
WARNING mmlewis warning: A valid lewis structure was successfully generated.
WARNING mmlewis warning: Wrong Lewis structure in structure input file
mmlewis warning: with title: 4msl
mmlewis warning: Problems were identified with the following atoms:
mmlewis warning:  3 
mmlewis warning: Now attempting to fix the lewis structure.
WARNING mmlewis warning: A valid lewis structure was successfully generated.
WARNING mmlewis warning: Wrong Lewis structure in structure input file
mmlewis warning: with title: 4msl
mmlewis warning: Problems were identified with the following atoms:
mmlewis warning:  3 
mmlewis warning: Now attempting to fix the lewis structure.
WARNING mmlewis warning: A valid lewis structure was successfully generated.
WARNING mmlewis warning: Wrong Lewis structure in structure input file
mmlewis warning: with title: 4msl
mmlewis warning: Problems were identified with the following atoms:
mmlewis warning:  3 
mmlewis warning: Now attempting to fix the lewis structure.
WARNING mmlewis warning: A valid lewis structure was successfully generated.
WARNING mmlewis warning: Wrong Lewis structure in structure input file
mmlewis warning: with title: 4msl
mmlewis warning: Problems were identified with the following atoms:
mmlewis warning:  3 
mmlewis warning: Now attempting to fix the lewis structure.
WARNING mmlewis warning: A valid lewis structure was successfully generated.
WARNING mmlewis warning: Wrong Lewis structure in structure input file
mmlewis warning: with title: 4msl
mmlewis warning: Problems were identified with the following atoms:
mmlewis warning:  3 
mmlewis warning: Now attempting to fix the lewis structure.
WARNING mmlewis warning: A valid lewis structure was successfully generated.
WARNING mmlewis warning: Wrong Lewis structure in structure input file
mmlewis warning: with title: 4msl
mmlewis warning: Problems were identified with the following atoms:
mmlewis warning:  3 
mmlewis warning: Now attempting to fix the lewis structure.
WARNING mmlewis warning: A valid lewis structure was successfully generated.
WARNING mmlewis warning: Wrong Lewis structure in structure input file
mmlewis warning: with title: 4msl
mmlewis warning: Problems were identified with the following atoms:
mmlewis warning:  3 
mmlewis warning: Now attempting to fix the lewis structure.
WARNING mmlewis warning: A valid lewis structure was successfully generated.
WARNING mmlewis warning: Wrong Lewis structure in structure input file
mmlewis warning: with title: 4msl
mmlewis warning: Problems were identified with the following atoms:
mmlewis warning:  3 
mmlewis warning: Now attempting to fix the lewis structure.
WARNING mmlewis warning: A valid lewis structure was successfully generated.
WARNING mmlewis warning: Wrong Lewis structure in structure input file
mmlewis warning: with title: 4msl
mmlewis warning: Problems were identified with the following atoms:
mmlewis warning:  3 
mmlewis warning: Now attempting to fix the lewis structure.
WARNING mmlewis warning: A valid lewis structure was successfully generated.
WARNING mmlewis warning: Wrong Lewis structure in structure input file
mmlewis warning: with title: 4msl
mmlewis warning: Problems were identified with the following atoms:
mmlewis warning:  3 
mmlewis warning: Now attempting to fix the lewis structure.
WARNING mmlewis warning: A valid lewis structure was successfully generated.
WARNING mmlewis warning: Wrong Lewis structure in structure input file
mmlewis warning: with title: 4msl
mmlewis warning: Problems were identified with the following atoms:
mmlewis warning:  3 
mmlewis warning: Now attempting to fix the lewis structure.
WARNING mmlewis warning: A valid lewis structure was successfully generated.
WARNING mmlewis warning: Wrong Lewis structure in structure input file
mmlewis warning: with title: 4msl
mmlewis warning: Problems were identified with the following atoms:
mmlewis warning:  3 
mmlewis warning: Now attempting to fix the lewis structure.
WARNING mmlewis warning: A valid lewis structure was successfully generated.
WARNING mmlewis warning: Wrong Lewis structure in structure input file
mmlewis warning: with title: 4msl
mmlewis warning: Problems were identified with the following atoms:
mmlewis warning:  3 
mmlewis warning: Now attempting to fix the lewis structure.
WARNING mmlewis warning: A valid lewis structure was successfully generated.
WARNING mmlewis warning: Wrong Lewis structure in structure input file
mmlewis warning: with title: 4msl
mmlewis warning: Problems were identified with the following atoms:
mmlewis warning:  3 
mmlewis warning: Now attempting to fix the lewis structure.
WARNING mmlewis warning: A valid lewis structure was successfully generated.
WARNING mmlewis warning: Wrong Lewis structure in structure input file
mmlewis warning: with title: 4msl
mmlewis warning: Problems were identified with the following atoms:
mmlewis warning:  3 
mmlewis warning: Now attempting to fix the lewis structure.
WARNING mmlewis warning: A valid lewis structure was successfully generated.
WARNING mmlewis warning: Wrong Lewis structure in structure input file
mmlewis warning: with title: 4msl
mmlewis warning: Problems were identified with the following atoms:
mmlewis warning:  3 
mmlewis warning: Now attempting to fix the lewis structure.
WARNING mmlewis warning: A valid lewis structure was successfully generated.
WARNING mmlewis warning: Wrong Lewis structure in structure input file
mmlewis warning: with title: 4msl
mmlewis warning: Problems were identified with the following atoms:
mmlewis warning:  3 
mmlewis warning: Now attempting to fix the lewis structure.
WARNING mmlewis warning: A valid lewis structure was successfully generated.
WARNING mmlewis warning: Wrong Lewis structure in structure input file
mmlewis warning: with title: 4msl
mmlewis warning: Problems were identified with the following atoms:
mmlewis warning:  3 
mmlewis warning: Now attempting to fix the lewis structure.
FATAL mmlewis error: Problems remain with the following atoms:
mmlewis error:  2
WARNING mmlewis warning: Wrong Lewis structure in structure input file
mmlewis warning: with title: 4msl
mmlewis warning: Problems were identified with the following atoms:
mmlewis warning:  3 
mmlewis warning: Now attempting to fix the lewis structure.
FATAL mmlewis error: Problems remain with the following atoms:
mmlewis error:  2
WARNING mmlewis warning: Wrong Lewis structure in structure input file
mmlewis warning: with title: 4msl
mmlewis warning: Problems were identified with the following atoms:
mmlewis warning:  3 
mmlewis warning: Now attempting to fix the lewis structure.
FATAL mmlewis error: Problems remain with the following atoms:
mmlewis error:  2
WARNING mmlewis warning: Wrong Lewis structure in structure input file
mmlewis warning: with title: 4msl
mmlewis warning: Problems were identified with the following atoms:
mmlewis warning:  3 
mmlewis warning: Now attempting to fix the lewis structure.
FATAL mmlewis error: Problems remain with the following atoms:
mmlewis error:  2
WARNING mmlewis warning: Wrong Lewis structure in structure input file
mmlewis warning: with title: 4msl
mmlewis warning: Problems were identified with the following atoms:
mmlewis warning:  3 
mmlewis warning: Now attempting to fix the lewis structure.
FATAL mmlewis error: Problems remain with the following atoms:
mmlewis error:  2
WARNING mmlewis warning: Wrong Lewis structure in structure input file
mmlewis warning: with title: 4msl
mmlewis warning: Problems were identified with the following atoms:
mmlewis warning:  3 
mmlewis warning: Now attempting to fix the lewis structure.
FATAL mmlewis error: Problems remain with the following atoms:
mmlewis error:  2
WARNING mmlewis warning: Wrong Lewis structure in structure input file
mmlewis warning: with title: 4msl
mmlewis warning: Problems were identified with the following atoms:
mmlewis warning:  3 
mmlewis warning: Now attempting to fix the lewis structure.
FATAL mmlewis error: Problems remain with the following atoms:
mmlewis error:  2
WARNING mmlewis warning: Wrong Lewis structure in structure input file
mmlewis warning: with title: 4msl
mmlewis warning: Problems were identified with the following atoms:
mmlewis warning:  3 
mmlewis warning: Now attempting to fix the lewis structure.
FATAL mmlewis error: Problems remain with the following atoms:
mmlewis error:  2
WARNING mmlewis warning: Wrong Lewis structure in structure input file
mmlewis warning: with title: 4msl
mmlewis warning: Problems were identified with the following atoms:
mmlewis warning:  3 
mmlewis warning: Now attempting to fix the lewis structure.
FATAL mmlewis error: Problems remain with the following atoms:
mmlewis error:  2
WARNING mmlewis warning: Wrong Lewis structure in structure input file
mmlewis warning: with title: 4msl
mmlewis warning: Problems were identified with the following atoms:
mmlewis warning:  3 
mmlewis warning: Now attempting to fix the lewis structure.
FATAL mmlewis error: Problems remain with the following atoms:
mmlewis error:  2
WARNING mmlewis warning: Wrong Lewis structure in structure input file
mmlewis warning: with title: 4msl
mmlewis warning: Problems were identified with the following atoms:
mmlewis warning:  3 
mmlewis warning: Now attempting to fix the lewis structure.
FATAL mmlewis error: Problems remain with the following atoms:
mmlewis error:  2
epik:
WARNING mmtaut:fix_using_mmlewis: Problem in mmlewis_apply
WARNING mmtaut_fix_lewis_structures: Problem in fix_using_mmlewis
WARNING mmtaut:fix_using_mmlewis: Problem in mmlewis_apply
WARNING mmtaut_fix_lewis_structures: Problem in fix_using_mmlewis
WARNING mmtaut:fix_using_mmlewis: Problem in mmlewis_apply
WARNING mmtaut_fix_lewis_structures: Problem in fix_using_mmlewis
WARNING mmtaut:fix_using_mmlewis: Problem in mmlewis_apply
WARNING mmtaut_fix_lewis_structures: Problem in fix_using_mmlewis
WARNING mmtaut:fix_using_mmlewis: Problem in mmlewis_apply
WARNING mmtaut_fix_lewis_structures: Problem in fix_using_mmlewis
WARNING mmtaut:fix_using_mmlewis: Problem in mmlewis_apply
WARNING mmtaut_fix_lewis_structures: Problem in fix_using_mmlewis
WARNING mmtaut:fix_using_mmlewis: Problem in mmlewis_apply
WARNING mmtaut_fix_lewis_structures: Problem in fix_using_mmlewis
WARNING mmtaut:fix_using_mmlewis: Problem in mmlewis_apply
WARNING mmtaut_fix_lewis_structures: Problem in fix_using_mmlewis
WARNING mmtaut:fix_using_mmlewis: Problem in mmlewis_apply
WARNING mmtaut_fix_lewis_structures: Problem in fix_using_mmlewis
WARNING mmtaut:fix_using_mmlewis: Problem in mmlewis_apply
WARNING mmtaut_fix_lewis_structures: Problem in fix_using_mmlewis
WARNING mmtaut:fix_using_mmlewis: Problem in mmlewis_apply
WARNING mmtaut_fix_lewis_structures: Problem in fix_using_mmlewis

guard:
WARNING mmlewis warning: Wrong Lewis structure in structure input file
mmlewis warning: with title: 4msl
mmlewis warning: Problems were identified with the following atoms:
mmlewis warning:  3 
mmlewis warning: Now attempting to fix the lewis structure.
WARNING mmlewis warning: A valid lewis structure was successfully generated.
WARNING mmlewis warning: Wrong Lewis structure in structure input file
mmlewis warning: with title: 4msl
mmlewis warning: Problems were identified with the following atoms:
mmlewis warning:  3 
mmlewis warning: Now attempting to fix the lewis structure.
WARNING mmlewis warning: A valid lewis structure was successfully generated.
WARNING mmlewis warning: Wrong Lewis structure in structure input file
mmlewis warning: with title: 4msl
mmlewis warning: Problems were identified with the following atoms:
mmlewis warning:  3 
mmlewis warning: Now attempting to fix the lewis structure.
WARNING mmlewis warning: A valid lewis structure was successfully generated.
WARNING mmlewis warning: Wrong Lewis structure in structure input file
mmlewis warning: with title: 4msl
mmlewis warning: Problems were identified with the following atoms:
mmlewis warning:  3 
mmlewis warning: Now attempting to fix the lewis structure.
FATAL mmlewis error: Problems remain with the following atoms:
mmlewis error:  2
WARNING mmlewis_apply() failed
WARNING mmlewis warning: Wrong Lewis structure in structure input file
mmlewis warning: with title: 4msl
mmlewis warning: Problems were identified with the following atoms:
mmlewis warning:  3 
mmlewis warning: Now attempting to fix the lewis structure.
FATAL mmlewis error: Problems remain with the following atoms:
mmlewis error:  2
WARNING mmlewis_apply() failed
WARNING mmlewis warning: Wrong Lewis structure in structure input file
mmlewis warning: with title: 4msl
mmlewis warning: Problems were identified with the following atoms:
mmlewis warning:  3 
mmlewis warning: Now attempting to fix the lewis structure.
FATAL mmlewis error: Problems remain with the following atoms:
mmlewis error:  2
WARNING mmlewis_apply() failed
WARNING mmlewis warning: Wrong Lewis structure in structure input file
mmlewis warning: with title: 4msl
mmlewis warning: Problems were identified with the following atoms:
mmlewis warning:  3 
mmlewis warning: Now attempting to fix the lewis structure.
FATAL mmlewis error: Problems remain with the following atoms:
mmlewis error:  2
WARNING mmlewis_apply() failed

       4   1/0     1/0     1/0     2/0     7/0     3/4     3/4     3/4     3/4     3/4   '4msl'
WARNING mmlewis warning: Wrong Lewis structure in structure input file
mmlewis warning: with title: 6x3l
mmlewis warning: Problems were identified with the following atoms:
mmlewis warning:  3 
mmlewis warning: Now attempting to fix the lewis structure.
WARNING mmlewis warning: A valid lewis structure was successfully generated.
WARNING mmlewis warning: Wrong Lewis structure in structure input file
mmlewis warning: with title: 6x3l
mmlewis warning: Problems were identified with the following atoms:
mmlewis warning:  3 
mmlewis warning: Now attempting to fix the lewis structure.
WARNING mmlewis warning: A valid lewis structure was successfully generated.
WARNING mmlewis warning: Wrong Lewis structure in structure input file
mmlewis warning: with title: 6x3l
mmlewis warning: Problems were identified with the following atoms:
mmlewis warning:  3 
mmlewis warning: Now attempting to fix the lewis structure.
WARNING mmlewis warning: A valid lewis structure was successfully generated.
WARNING mmlewis warning: Wrong Lewis structure in structure input file
mmlewis warning: with title: 6x3l
mmlewis warning: Problems were identified with the following atoms:
mmlewis warning:  3 
mmlewis warning: Now attempting to fix the lewis structure.
WARNING mmlewis warning: A valid lewis structure was successfully generated.
WARNING mmlewis warning: Wrong Lewis structure in structure input file
mmlewis warning: with title: 6x3l
mmlewis warning: Problems were identified with the following atoms:
mmlewis warning:  3 
mmlewis warning: Now attempting to fix the lewis structure.
WARNING mmlewis warning: A valid lewis structure was successfully generated.
WARNING mmlewis warning: Wrong Lewis structure in structure input file
mmlewis warning: with title: 6x3l
mmlewis warning: Problems were identified with the following atoms:
mmlewis warning:  3 
mmlewis warning: Now attempting to fix the lewis structure.
WARNING mmlewis warning: A valid lewis structure was successfully generated.
WARNING mmlewis warning: Wrong Lewis structure in structure input file
mmlewis warning: with title: 6x3l
mmlewis warning: Problems were identified with the following atoms:
mmlewis warning:  3 
mmlewis warning: Now attempting to fix the lewis structure.
WARNING mmlewis warning: A valid lewis structure was successfully generated.
WARNING mmlewis warning: Wrong Lewis structure in structure input file
mmlewis warning: with title: 6x3l
mmlewis warning: Problems were identified with the following atoms:
mmlewis warning:  3 
mmlewis warning: Now attempting to fix the lewis structure.
WARNING mmlewis warning: A valid lewis structure was successfully generated.
WARNING mmlewis warning: Wrong Lewis structure in structure input file
mmlewis warning: with title: 6x3l
mmlewis warning: Problems were identified with the following atoms:
mmlewis warning:  3 
mmlewis warning: Now attempting to fix the lewis structure.
WARNING mmlewis warning: A valid lewis structure was successfully generated.
WARNING mmlewis warning: Wrong Lewis structure in structure input file
mmlewis warning: with title: 6x3l
mmlewis warning: Problems were identified with the following atoms:
mmlewis warning:  3 
mmlewis warning: Now attempting to fix the lewis structure.
WARNING mmlewis warning: A valid lewis structure was successfully generated.
guard:
WARNING mmlewis warning: Wrong Lewis structure in structure input file
mmlewis warning: with title: 6x3l
mmlewis warning: Problems were identified with the following atoms:
mmlewis warning:  3 
mmlewis warning: Now attempting to fix the lewis structure.
WARNING mmlewis warning: A valid lewis structure was successfully generated.
WARNING mmlewis warning: Wrong Lewis structure in structure input file
mmlewis warning: with title: 6x3l
mmlewis warning: Problems were identified with the following atoms:
mmlewis warning:  3 
mmlewis warning: Now attempting to fix the lewis structure.
WARNING mmlewis warning: A valid lewis structure was successfully generated.
WARNING mmlewis warning: Wrong Lewis structure in structure input file
mmlewis warning: with title: 6x3l
mmlewis warning: Problems were identified with the following atoms:
mmlewis warning:  3 
mmlewis warning: Now attempting to fix the lewis structure.
WARNING mmlewis warning: A valid lewis structure was successfully generated.

       5   1/0     1/0     1/0     2/0     3/0     3/0     3/0     3/0     3/0     3/0   '6x3l'
       6   1/0     1/0     1/0     1/0     1/0     1/0     1/0     1/0     1/0     1/0   '5mrh'
Adding general crowding pattern: count 1
number of matches for crowding type: deprotonated_amide_ortho_to_aromatic_nX2: abs type: Pyridinium ion n+: 1
Adding general crowding pattern: count 1
number of matches for crowding type: deprotonated_amide_ortho_to_aromatic_nX2: abs type: Pyridinium ion n+: 1
Adding general crowding pattern: count 1
number of matches for crowding type: deprotonated_amide_ortho_to_aromatic_nX2: abs type: Pyridinium ion n+: 1
Adding general crowding pattern: count 1
number of matches for crowding type: deprotonated_amide_ortho_to_aromatic_nX2: abs type: Pyridinium ion n+: 1
Adding general crowding pattern: count 1
number of matches for crowding type: deprotonated_amide_ortho_to_aromatic_nX2: abs type: Pyridinium ion n+: 1
Adding general crowding pattern: count 1
number of matches for crowding type: deprotonated_amide_ortho_to_aromatic_nX2: abs type: Pyridinium ion n+: 1
Adding general crowding pattern: count 1
number of matches for crowding type: deprotonated_amide_ortho_to_aromatic_nX2: abs type: Pyridinium ion n+: 1
       7   1/0     1/0     1/0     2/0     3/0     3/0     3/0     2/0     2/0     2/0   '4n7e'

dropped structures:
guard: 1, 4

# of processed structures in "ligprep_1-out.maegz" : 14
# of dropped structures in "ligprep_1-dropped.maegz" : 2

backend run time: 0 hours 0 minutes 20.142 seconds
